09:44:31 **** Incremental Build of configuration Debug for project dd_scheduler ****
make all 
Invoking: Cross ARM GNU Print Size
arm-none-eabi-size --format=berkeley "dd_scheduler.elf"
   text	   data	    bss	    dec	    hex	filename
  71468	   2288	   3484	  77240	  12db8	dd_scheduler.elf
Finished building: dd_scheduler.siz
 
09:44:36 **** Incremental Build of configuration Debug for project dd_scheduler ****
make all 
Invoking: Cross ARM GNU Print Size
arm-none-eabi-size --format=berkeley "dd_scheduler.elf"
   text	   data	    bss	    dec	    hex	filename
  71468	   2288	   3484	  77240	  12db8	dd_scheduler.elf
Finished building: dd_scheduler.siz
 
09:47:42 **** Incremental Build of configuration Debug for project dd_scheduler ****
make all 
Building file: ../Sources/MessagePool.c
Invoking: Cross ARM C Compiler
arm-none-eabi-gcc -mcpu=cortex-m4 -mthumb -mfloat-abi=hard -mfpu=fpv4-sp-d16 -O0 -fmessage-length=0 -fsigned-char -ffunction-sections -fdata-sections -Wall  -g3 -D"CPU_MK64FN1M0VLL12" -D"FSL_RTOS_MQX" -D"PEX_MQX_KSDK" -I"C:/project3-colton/dd_scheduler/SDK/platform/hal/inc" -I"C:/project3-colton/dd_scheduler/SDK/platform/hal/src/sim/MK64F12" -I"C:/project3-colton/dd_scheduler/SDK/platform/system/src/clock/MK64F12" -I"C:/project3-colton/dd_scheduler/SDK/platform/system/inc" -I"C:/project3-colton/dd_scheduler/SDK/platform/osa/inc" -I"C:/project3-colton/dd_scheduler/SDK/platform/CMSIS/Include" -I"C:/project3-colton/dd_scheduler/SDK/platform/devices" -I"C:/project3-colton/dd_scheduler/SDK/platform/devices/MK64F12/include" -I"C:/project3-colton/dd_scheduler/SDK/platform/utilities/src" -I"C:/project3-colton/dd_scheduler/SDK/platform/utilities/inc" -I"C:/project3-colton/dd_scheduler/SDK/platform/devices/MK64F12/startup" -I"C:/project3-colton/dd_scheduler/Generated_Code/SDK/platform/devices/MK64F12/startup" -I"C:/project3-colton/dd_scheduler/Sources" -I"C:/project3-colton/dd_scheduler/Generated_Code" -I"C:/project3-colton/dd_scheduler/SDK/platform/drivers/inc" -I"C:/project3-colton/dd_scheduler/SDK/rtos/mqx/mqx/source/psp/cortex_m" -I"C:/project3-colton/dd_scheduler/SDK/rtos/mqx/mqx/source/psp/cortex_m/cpu" -I"C:/project3-colton/dd_scheduler/SDK/rtos/mqx/config/common" -I"C:/project3-colton/dd_scheduler/SDK/rtos/mqx/mqx/source/include" -I"C:/project3-colton/dd_scheduler/SDK/rtos/mqx/mqx/source/bsp" -I"C:/project3-colton/dd_scheduler/SDK/rtos/mqx/mqx/source/psp/cortex_m/compiler/gcc_arm" -I"C:/project3-colton/dd_scheduler/SDK/rtos/mqx/mqx/source/nio" -I"C:/project3-colton/dd_scheduler/SDK/rtos/mqx/mqx/source/nio/src" -I"C:/project3-colton/dd_scheduler/SDK/rtos/mqx/mqx/source/nio/fs" -I"C:/project3-colton/dd_scheduler/SDK/rtos/mqx/mqx/source/nio/drivers/nio_dummy" -I"C:/project3-colton/dd_scheduler/SDK/rtos/mqx/mqx/source/nio/drivers/nio_serial" -I"C:/project3-colton/dd_scheduler/SDK/rtos/mqx/mqx/source/nio/drivers/nio_tty" -I"C:/project3-colton/dd_scheduler/SDK/rtos/mqx/mqx_stdlib/source/include" -I"C:/project3-colton/dd_scheduler/SDK/rtos/mqx/mqx_stdlib/source/stdio" -I"C:/project3-colton/dd_scheduler/SDK/platform/hal/src/uart" -I"C:/project3-colton/dd_scheduler/SDK/platform/drivers/src/uart" -I"C:/project3-colton/dd_scheduler/Generated_Code/SDK/rtos/mqx/config/board" -I"C:/project3-colton/dd_scheduler/Generated_Code/SDK/rtos/mqx/config/mcu" -include"C:\project3-colton\dd_scheduler\SDK\rtos\mqx\mqx\source\psp\cortex_m\psptypes.h" -std=c99 -MMD -MP -MF"Sources/MessagePool.d" -MT"Sources/MessagePool.o" -c -o "Sources/MessagePool.o" "../Sources/MessagePool.c"
../Sources/MessagePool.c: In function 'msgpop':
../Sources/MessagePool.c:88:2: warning: pointer targets in passing argument 1 of 'strcpy' differ in signedness [-Wpointer-sign]
  strcpy(msg_ptr->DATA, (UCHAR_PTR)data);
  ^
In file included from c:\freescale\kds_v3\toolchain\arm-none-eabi\include\stdlib.h:11:0,
                 from C:/project3-colton/dd_scheduler/SDK/platform/devices/MK64F12/include/fsl_bitaccess.h:80,
                 from C:/project3-colton/dd_scheduler/SDK/platform/devices/MK64F12/include/MK64F12_extension.h:92,
                 from C:/project3-colton/dd_scheduler/SDK/platform/devices/fsl_device_registers.h:343,
                 from C:/project3-colton/dd_scheduler/SDK/rtos/mqx/mqx/source/include/mqx_cpudef.h:30,
                 from C:/project3-colton/dd_scheduler/SDK/rtos/mqx/mqx/source/psp/cortex_m/psp_comp.h:33,
                 from C:/project3-colton/dd_scheduler/SDK/rtos/mqx/mqx/source/include/mqx.h:90,
                 from ../Sources/MessagePool.h:11,
                 from ../Sources/MessagePool.c:7:
c:\freescale\kds_v3\toolchain\arm-none-eabi\include\string.h:30:8: note: expected 'char * restrict' but argument is of type 'unsigned char *'
 char  *_EXFUN(strcpy,(char *__restrict, const char *__restrict));
        ^
../Sources/MessagePool.c:88:2: warning: pointer targets in passing argument 2 of 'strcpy' differ in signedness [-Wpointer-sign]
  strcpy(msg_ptr->DATA, (UCHAR_PTR)data);
  ^
In file included from c:\freescale\kds_v3\toolchain\arm-none-eabi\include\stdlib.h:11:0,
                 from C:/project3-colton/dd_scheduler/SDK/platform/devices/MK64F12/include/fsl_bitaccess.h:80,
                 from C:/project3-colton/dd_scheduler/SDK/platform/devices/MK64F12/include/MK64F12_extension.h:92,
                 from C:/project3-colton/dd_scheduler/SDK/platform/devices/fsl_device_registers.h:343,
                 from C:/project3-colton/dd_scheduler/SDK/rtos/mqx/mqx/source/include/mqx_cpudef.h:30,
                 from C:/project3-colton/dd_scheduler/SDK/rtos/mqx/mqx/source/psp/cortex_m/psp_comp.h:33,
                 from C:/project3-colton/dd_scheduler/SDK/rtos/mqx/mqx/source/include/mqx.h:90,
                 from ../Sources/MessagePool.h:11,
                 from ../Sources/MessagePool.c:7:
c:\freescale\kds_v3\toolchain\arm-none-eabi\include\string.h:30:8: note: expected 'const char * restrict' but argument is of type 'unsigned char *'
 char  *_EXFUN(strcpy,(char *__restrict, const char *__restrict));
        ^
../Sources/MessagePool.c: In function 'msgreceivetimeout':
../Sources/MessagePool.c:137:3: warning: implicit declaration of function 'println' [-Wimplicit-function-declaration]
   println("MSGNULL");
   ^
Finished building: ../Sources/MessagePool.c
 
Building file: ../Sources/access_functions.c
Invoking: Cross ARM C Compiler
arm-none-eabi-gcc -mcpu=cortex-m4 -mthumb -mfloat-abi=hard -mfpu=fpv4-sp-d16 -O0 -fmessage-length=0 -fsigned-char -ffunction-sections -fdata-sections -Wall  -g3 -D"CPU_MK64FN1M0VLL12" -D"FSL_RTOS_MQX" -D"PEX_MQX_KSDK" -I"C:/project3-colton/dd_scheduler/SDK/platform/hal/inc" -I"C:/project3-colton/dd_scheduler/SDK/platform/hal/src/sim/MK64F12" -I"C:/project3-colton/dd_scheduler/SDK/platform/system/src/clock/MK64F12" -I"C:/project3-colton/dd_scheduler/SDK/platform/system/inc" -I"C:/project3-colton/dd_scheduler/SDK/platform/osa/inc" -I"C:/project3-colton/dd_scheduler/SDK/platform/CMSIS/Include" -I"C:/project3-colton/dd_scheduler/SDK/platform/devices" -I"C:/project3-colton/dd_scheduler/SDK/platform/devices/MK64F12/include" -I"C:/project3-colton/dd_scheduler/SDK/platform/utilities/src" -I"C:/project3-colton/dd_scheduler/SDK/platform/utilities/inc" -I"C:/project3-colton/dd_scheduler/SDK/platform/devices/MK64F12/startup" -I"C:/project3-colton/dd_scheduler/Generated_Code/SDK/platform/devices/MK64F12/startup" -I"C:/project3-colton/dd_scheduler/Sources" -I"C:/project3-colton/dd_scheduler/Generated_Code" -I"C:/project3-colton/dd_scheduler/SDK/platform/drivers/inc" -I"C:/project3-colton/dd_scheduler/SDK/rtos/mqx/mqx/source/psp/cortex_m" -I"C:/project3-colton/dd_scheduler/SDK/rtos/mqx/mqx/source/psp/cortex_m/cpu" -I"C:/project3-colton/dd_scheduler/SDK/rtos/mqx/config/common" -I"C:/project3-colton/dd_scheduler/SDK/rtos/mqx/mqx/source/include" -I"C:/project3-colton/dd_scheduler/SDK/rtos/mqx/mqx/source/bsp" -I"C:/project3-colton/dd_scheduler/SDK/rtos/mqx/mqx/source/psp/cortex_m/compiler/gcc_arm" -I"C:/project3-colton/dd_scheduler/SDK/rtos/mqx/mqx/source/nio" -I"C:/project3-colton/dd_scheduler/SDK/rtos/mqx/mqx/source/nio/src" -I"C:/project3-colton/dd_scheduler/SDK/rtos/mqx/mqx/source/nio/fs" -I"C:/project3-colton/dd_scheduler/SDK/rtos/mqx/mqx/source/nio/drivers/nio_dummy" -I"C:/project3-colton/dd_scheduler/SDK/rtos/mqx/mqx/source/nio/drivers/nio_serial" -I"C:/project3-colton/dd_scheduler/SDK/rtos/mqx/mqx/source/nio/drivers/nio_tty" -I"C:/project3-colton/dd_scheduler/SDK/rtos/mqx/mqx_stdlib/source/include" -I"C:/project3-colton/dd_scheduler/SDK/rtos/mqx/mqx_stdlib/source/stdio" -I"C:/project3-colton/dd_scheduler/SDK/platform/hal/src/uart" -I"C:/project3-colton/dd_scheduler/SDK/platform/drivers/src/uart" -I"C:/project3-colton/dd_scheduler/Generated_Code/SDK/rtos/mqx/config/board" -I"C:/project3-colton/dd_scheduler/Generated_Code/SDK/rtos/mqx/config/mcu" -include"C:\project3-colton\dd_scheduler\SDK\rtos\mqx\mqx\source\psp\cortex_m\psptypes.h" -std=c99 -MMD -MP -MF"Sources/access_functions.d" -MT"Sources/access_functions.o" -c -o "Sources/access_functions.o" "../Sources/access_functions.c"
In file included from ../Sources/access_functions.c:11:0:
../Sources/Priority.h: In function 'priorityget':
../Sources/Priority.h:17:12: warning: unused variable 'RETURNCODE' [-Wunused-variable]
  _mqx_uint RETURNCODE = _task_get_priority(_task_get_id(),&priority);
            ^
../Sources/Priority.h: In function 'priorityset':
../Sources/Priority.h:23:12: warning: unused variable 'RETURNCODE' [-Wunused-variable]
  _mqx_uint RETURNCODE = _task_set_priority(_task_get_id(),PRIORITY_OSA_TO_RTOS(newpriority),&oldpriority);
            ^
../Sources/Priority.h: In function 'prioritysettask':
../Sources/Priority.h:28:12: warning: unused variable 'RETURNCODE' [-Wunused-variable]
  _mqx_uint RETURNCODE = _task_set_priority(taskid,PRIORITY_OSA_TO_RTOS(newpriority),&oldpriority);
            ^
../Sources/access_functions.c: In function 'dd_tcreate':
../Sources/access_functions.c:51:2: warning: pointer targets in passing argument 1 of 'strcmp' differ in signedness [-Wpointer-sign]
  if (strcmp(msg_ptr->DATA, TaskCreatedString) == 0) {
  ^
In file included from c:\freescale\kds_v3\toolchain\arm-none-eabi\include\stdlib.h:11:0,
                 from C:/project3-colton/dd_scheduler/SDK/platform/devices/MK64F12/include/fsl_bitaccess.h:80,
                 from C:/project3-colton/dd_scheduler/SDK/platform/devices/MK64F12/include/MK64F12_extension.h:92,
                 from C:/project3-colton/dd_scheduler/SDK/platform/devices/fsl_device_registers.h:343,
                 from C:/project3-colton/dd_scheduler/SDK/rtos/mqx/mqx/source/include/mqx_cpudef.h:30,
                 from C:/project3-colton/dd_scheduler/SDK/rtos/mqx/mqx/source/psp/cortex_m/psp_comp.h:33,
                 from C:/project3-colton/dd_scheduler/SDK/rtos/mqx/mqx/source/include/mqx.h:90,
                 from ../Sources/access_functions.h:11,
                 from ../Sources/access_functions.c:8:
c:\freescale\kds_v3\toolchain\arm-none-eabi\include\string.h:28:6: note: expected 'const char *' but argument is of type 'unsigned char *'
 int  _EXFUN(strcmp,(const char *, const char *));
      ^
../Sources/access_functions.c:51:2: warning: pointer targets in passing argument 2 of 'strcmp' differ in signedness [-Wpointer-sign]
  if (strcmp(msg_ptr->DATA, TaskCreatedString) == 0) {
  ^
In file included from c:\freescale\kds_v3\toolchain\arm-none-eabi\include\stdlib.h:11:0,
                 from C:/project3-colton/dd_scheduler/SDK/platform/devices/MK64F12/include/fsl_bitaccess.h:80,
                 from C:/project3-colton/dd_scheduler/SDK/platform/devices/MK64F12/include/MK64F12_extension.h:92,
                 from C:/project3-colton/dd_scheduler/SDK/platform/devices/fsl_device_registers.h:343,
                 from C:/project3-colton/dd_scheduler/SDK/rtos/mqx/mqx/source/include/mqx_cpudef.h:30,
                 from C:/project3-colton/dd_scheduler/SDK/rtos/mqx/mqx/source/psp/cortex_m/psp_comp.h:33,
                 from C:/project3-colton/dd_scheduler/SDK/rtos/mqx/mqx/source/include/mqx.h:90,
                 from ../Sources/access_functions.h:11,
                 from ../Sources/access_functions.c:8:
c:\freescale\kds_v3\toolchain\arm-none-eabi\include\string.h:28:6: note: expected 'const char *' but argument is of type 'UCHAR_PTR'
 int  _EXFUN(strcmp,(const char *, const char *));
      ^
../Sources/access_functions.c: In function 'dd_delete':
../Sources/access_functions.c:88:2: warning: pointer targets in passing argument 1 of 'printf' differ in signedness [-Wpointer-sign]
  printf((UCHAR_PTR)msg_ptr->DATA);
  ^
In file included from ../Sources/access_functions.h:12:0,
                 from ../Sources/access_functions.c:8:
C:/project3-colton/dd_scheduler/SDK/rtos/mqx/mqx_stdlib/source/include/stdio.h:222:10: note: expected 'const char *' but argument is of type 'unsigned char *'
 int      printf(const char *, ...);
          ^
../Sources/access_functions.c:91:2: warning: pointer targets in passing argument 1 of 'strcmp' differ in signedness [-Wpointer-sign]
  if (strcmp(msg_ptr->DATA, TaskDeletedString) == 0) {
  ^
In file included from c:\freescale\kds_v3\toolchain\arm-none-eabi\include\stdlib.h:11:0,
                 from C:/project3-colton/dd_scheduler/SDK/platform/devices/MK64F12/include/fsl_bitaccess.h:80,
                 from C:/project3-colton/dd_scheduler/SDK/platform/devices/MK64F12/include/MK64F12_extension.h:92,
                 from C:/project3-colton/dd_scheduler/SDK/platform/devices/fsl_device_registers.h:343,
                 from C:/project3-colton/dd_scheduler/SDK/rtos/mqx/mqx/source/include/mqx_cpudef.h:30,
                 from C:/project3-colton/dd_scheduler/SDK/rtos/mqx/mqx/source/psp/cortex_m/psp_comp.h:33,
                 from C:/project3-colton/dd_scheduler/SDK/rtos/mqx/mqx/source/include/mqx.h:90,
                 from ../Sources/access_functions.h:11,
                 from ../Sources/access_functions.c:8:
c:\freescale\kds_v3\toolchain\arm-none-eabi\include\string.h:28:6: note: expected 'const char *' but argument is of type 'unsigned char *'
 int  _EXFUN(strcmp,(const char *, const char *));
      ^
../Sources/access_functions.c:91:2: warning: pointer targets in passing argument 2 of 'strcmp' differ in signedness [-Wpointer-sign]
  if (strcmp(msg_ptr->DATA, TaskDeletedString) == 0) {
  ^
In file included from c:\freescale\kds_v3\toolchain\arm-none-eabi\include\stdlib.h:11:0,
                 from C:/project3-colton/dd_scheduler/SDK/platform/devices/MK64F12/include/fsl_bitaccess.h:80,
                 from C:/project3-colton/dd_scheduler/SDK/platform/devices/MK64F12/include/MK64F12_extension.h:92,
                 from C:/project3-colton/dd_scheduler/SDK/platform/devices/fsl_device_registers.h:343,
                 from C:/project3-colton/dd_scheduler/SDK/rtos/mqx/mqx/source/include/mqx_cpudef.h:30,
                 from C:/project3-colton/dd_scheduler/SDK/rtos/mqx/mqx/source/psp/cortex_m/psp_comp.h:33,
                 from C:/project3-colton/dd_scheduler/SDK/rtos/mqx/mqx/source/include/mqx.h:90,
                 from ../Sources/access_functions.h:11,
                 from ../Sources/access_functions.c:8:
c:\freescale\kds_v3\toolchain\arm-none-eabi\include\string.h:28:6: note: expected 'const char *' but argument is of type 'UCHAR_PTR'
 int  _EXFUN(strcmp,(const char *, const char *));
      ^
Finished building: ../Sources/access_functions.c
 
Building file: ../Sources/os_tasks.c
Invoking: Cross ARM C Compiler
arm-none-eabi-gcc -mcpu=cortex-m4 -mthumb -mfloat-abi=hard -mfpu=fpv4-sp-d16 -O0 -fmessage-length=0 -fsigned-char -ffunction-sections -fdata-sections -Wall  -g3 -D"CPU_MK64FN1M0VLL12" -D"FSL_RTOS_MQX" -D"PEX_MQX_KSDK" -I"C:/project3-colton/dd_scheduler/SDK/platform/hal/inc" -I"C:/project3-colton/dd_scheduler/SDK/platform/hal/src/sim/MK64F12" -I"C:/project3-colton/dd_scheduler/SDK/platform/system/src/clock/MK64F12" -I"C:/project3-colton/dd_scheduler/SDK/platform/system/inc" -I"C:/project3-colton/dd_scheduler/SDK/platform/osa/inc" -I"C:/project3-colton/dd_scheduler/SDK/platform/CMSIS/Include" -I"C:/project3-colton/dd_scheduler/SDK/platform/devices" -I"C:/project3-colton/dd_scheduler/SDK/platform/devices/MK64F12/include" -I"C:/project3-colton/dd_scheduler/SDK/platform/utilities/src" -I"C:/project3-colton/dd_scheduler/SDK/platform/utilities/inc" -I"C:/project3-colton/dd_scheduler/SDK/platform/devices/MK64F12/startup" -I"C:/project3-colton/dd_scheduler/Generated_Code/SDK/platform/devices/MK64F12/startup" -I"C:/project3-colton/dd_scheduler/Sources" -I"C:/project3-colton/dd_scheduler/Generated_Code" -I"C:/project3-colton/dd_scheduler/SDK/platform/drivers/inc" -I"C:/project3-colton/dd_scheduler/SDK/rtos/mqx/mqx/source/psp/cortex_m" -I"C:/project3-colton/dd_scheduler/SDK/rtos/mqx/mqx/source/psp/cortex_m/cpu" -I"C:/project3-colton/dd_scheduler/SDK/rtos/mqx/config/common" -I"C:/project3-colton/dd_scheduler/SDK/rtos/mqx/mqx/source/include" -I"C:/project3-colton/dd_scheduler/SDK/rtos/mqx/mqx/source/bsp" -I"C:/project3-colton/dd_scheduler/SDK/rtos/mqx/mqx/source/psp/cortex_m/compiler/gcc_arm" -I"C:/project3-colton/dd_scheduler/SDK/rtos/mqx/mqx/source/nio" -I"C:/project3-colton/dd_scheduler/SDK/rtos/mqx/mqx/source/nio/src" -I"C:/project3-colton/dd_scheduler/SDK/rtos/mqx/mqx/source/nio/fs" -I"C:/project3-colton/dd_scheduler/SDK/rtos/mqx/mqx/source/nio/drivers/nio_dummy" -I"C:/project3-colton/dd_scheduler/SDK/rtos/mqx/mqx/source/nio/drivers/nio_serial" -I"C:/project3-colton/dd_scheduler/SDK/rtos/mqx/mqx/source/nio/drivers/nio_tty" -I"C:/project3-colton/dd_scheduler/SDK/rtos/mqx/mqx_stdlib/source/include" -I"C:/project3-colton/dd_scheduler/SDK/rtos/mqx/mqx_stdlib/source/stdio" -I"C:/project3-colton/dd_scheduler/SDK/platform/hal/src/uart" -I"C:/project3-colton/dd_scheduler/SDK/platform/drivers/src/uart" -I"C:/project3-colton/dd_scheduler/Generated_Code/SDK/rtos/mqx/config/board" -I"C:/project3-colton/dd_scheduler/Generated_Code/SDK/rtos/mqx/config/mcu" -include"C:\project3-colton\dd_scheduler\SDK\rtos\mqx\mqx\source\psp\cortex_m\psptypes.h" -std=c99 -MMD -MP -MF"Sources/os_tasks.d" -MT"Sources/os_tasks.o" -c -o "Sources/os_tasks.o" "../Sources/os_tasks.c"
In file included from ../Sources/os_tasks.c:45:0:
../Sources/Priority.h: In function 'priorityget':
../Sources/Priority.h:17:12: warning: unused variable 'RETURNCODE' [-Wunused-variable]
  _mqx_uint RETURNCODE = _task_get_priority(_task_get_id(),&priority);
            ^
../Sources/Priority.h: In function 'priorityset':
../Sources/Priority.h:23:12: warning: unused variable 'RETURNCODE' [-Wunused-variable]
  _mqx_uint RETURNCODE = _task_set_priority(_task_get_id(),PRIORITY_OSA_TO_RTOS(newpriority),&oldpriority);
            ^
../Sources/Priority.h: In function 'prioritysettask':
../Sources/Priority.h:28:12: warning: unused variable 'RETURNCODE' [-Wunused-variable]
  _mqx_uint RETURNCODE = _task_set_priority(taskid,PRIORITY_OSA_TO_RTOS(newpriority),&oldpriority);
            ^
../Sources/os_tasks.c: In function 'synthetic_compute_ticks':
../Sources/os_tasks.c:69:2: warning: passing argument 1 of '_timer_start_oneshot_after_ticks' from incompatible pointer type [enabled by default]
  _timer_start_oneshot_after_ticks(timer_callback, (void *) &flag, TIMER_ELAPSED_TIME_MODE, &Ticks);
  ^
In file included from ../Sources/os_tasks.c:48:0:
C:/project3-colton/dd_scheduler/SDK/rtos/mqx/mqx/source/include/timer.h:96:19: note: expected 'TIMER_NOTIFICATION_TICK_FPTR' but argument is of type 'void (*)(_timer_id,  void *, unsigned int,  unsigned int)'
 extern _timer_id  _timer_start_oneshot_after_ticks(
                   ^
../Sources/os_tasks.c: In function 'synthetic_compute_ms':
../Sources/os_tasks.c:80:2: warning: passing argument 1 of '_timer_start_oneshot_after_ticks' from incompatible pointer type [enabled by default]
  _timer_start_oneshot_after_ticks(timer_callback, (void *) &flag, TIMER_ELAPSED_TIME_MODE, &Ticks);
  ^
In file included from ../Sources/os_tasks.c:48:0:
C:/project3-colton/dd_scheduler/SDK/rtos/mqx/mqx/source/include/timer.h:96:19: note: expected 'TIMER_NOTIFICATION_TICK_FPTR' but argument is of type 'void (*)(_timer_id,  void *, unsigned int,  unsigned int)'
 extern _timer_id  _timer_start_oneshot_after_ticks(
                   ^
../Sources/os_tasks.c: In function 'refreshEarliestDeadlineTask':
../Sources/os_tasks.c:138:3: warning: passing argument 1 of 'println' makes pointer from integer without a cast [enabled by default]
   println((*ppEDF)->deadline);
   ^
In file included from ../Sources/os_tasks.c:42:0:
../Sources/helper_function.h:14:6: note: expected 'char *' but argument is of type 'unsigned int'
 void println(char * str);
      ^
../Sources/os_tasks.c: In function 'dd_scheduler_task':
../Sources/os_tasks.c:264:4: warning: pointer targets in passing argument 1 of 'printf' differ in signedness [-Wpointer-sign]
    printf((UCHAR_PTR)msg_ptr->DATA); // DELETE?
    ^
In file included from ../Sources/access_functions.h:12:0,
                 from ../Sources/os_tasks.c:43:
C:/project3-colton/dd_scheduler/SDK/rtos/mqx/mqx_stdlib/source/include/stdio.h:222:10: note: expected 'const char *' but argument is of type 'unsigned char *'
 int      printf(const char *, ...);
          ^
../Sources/os_tasks.c:164:12: warning: unused variable 'dd_qid' [-Wunused-variable]
  _queue_id dd_qid = qopen(DD_QUEUE);
            ^
../Sources/os_tasks.c: In function 'PeriodicallyAddTask':
../Sources/os_tasks.c:330:2: warning: passing argument 1 of '_time_init_ticks' from incompatible pointer type [enabled by default]
  _time_init_ticks(&tick_ptr,0);
  ^
In file included from C:/project3-colton/dd_scheduler/SDK/platform/osa/inc/fsl_os_abstraction_mqx.h:84:0,
                 from C:/project3-colton/dd_scheduler/SDK/platform/osa/inc/fsl_os_abstraction.h:76,
                 from C:/project3-colton/dd_scheduler/SDK/platform/drivers/inc/fsl_uart_driver.h:36,
                 from C:/project3-colton/dd_scheduler/Generated_Code/Cpu.h:80,
                 from ../Sources/os_tasks.c:30:
C:/project3-colton/dd_scheduler/SDK/rtos/mqx/mqx/source/include/mqx.h:1772:29: note: expected 'MQX_TICK_STRUCT_PTR' but argument is of type 'struct mqx_tick_struct **'
 extern _mqx_uint            _time_init_ticks(MQX_TICK_STRUCT_PTR, _mqx_uint);
                             ^
../Sources/os_tasks.c:331:2: warning: passing argument 1 of '_time_add_msec_to_ticks' from incompatible pointer type [enabled by default]
  _time_add_msec_to_ticks(&tick_ptr,PERIODIC_PERIOD);
  ^
In file included from C:/project3-colton/dd_scheduler/SDK/platform/osa/inc/fsl_os_abstraction_mqx.h:84:0,
                 from C:/project3-colton/dd_scheduler/SDK/platform/osa/inc/fsl_os_abstraction.h:76,
                 from C:/project3-colton/dd_scheduler/SDK/platform/drivers/inc/fsl_uart_driver.h:36,
                 from C:/project3-colton/dd_scheduler/Generated_Code/Cpu.h:80,
                 from ../Sources/os_tasks.c:30:
C:/project3-colton/dd_scheduler/SDK/rtos/mqx/mqx/source/include/mqx.h:1731:29: note: expected 'MQX_TICK_STRUCT_PTR' but argument is of type 'struct mqx_tick_struct **'
 extern MQX_TICK_STRUCT_PTR  _time_add_msec_to_ticks(MQX_TICK_STRUCT_PTR, _mqx_uint);
                             ^
../Sources/os_tasks.c:332:2: warning: passing argument 4 of '_timer_start_periodic_every_ticks' from incompatible pointer type [enabled by default]
  *(_timer_id * )data_ptr = _timer_start_periodic_every_ticks(PeriodicallyAddTask,0,TIMER_ELAPSED_TIME_MODE, &tick_ptr);
  ^
In file included from ../Sources/os_tasks.c:48:0:
C:/project3-colton/dd_scheduler/SDK/rtos/mqx/mqx/source/include/timer.h:100:19: note: expected 'MQX_TICK_STRUCT_PTR' but argument is of type 'struct mqx_tick_struct **'
 extern _timer_id  _timer_start_periodic_every_ticks( 
                   ^
../Sources/os_tasks.c: In function 'generator_task':
../Sources/os_tasks.c:342:16: warning: unused variable 'overdue_tasks_head_ptr' [-Wunused-variable]
  TASK_NODE_PTR overdue_tasks_head_ptr = NULL;
                ^
../Sources/os_tasks.c:341:16: warning: unused variable 'active_tasks_head_ptr' [-Wunused-variable]
  TASK_NODE_PTR active_tasks_head_ptr  = NULL;
                ^
../Sources/os_tasks.c: At top level:
../Sources/os_tasks.c:321:13: warning: 'PeriodicallyAddTask' defined but not used [-Wunused-function]
 static void PeriodicallyAddTask(
             ^
Finished building: ../Sources/os_tasks.c
 
Building file: ../Sources/rtos_main_task.c
Invoking: Cross ARM C Compiler
arm-none-eabi-gcc -mcpu=cortex-m4 -mthumb -mfloat-abi=hard -mfpu=fpv4-sp-d16 -O0 -fmessage-length=0 -fsigned-char -ffunction-sections -fdata-sections -Wall  -g3 -D"CPU_MK64FN1M0VLL12" -D"FSL_RTOS_MQX" -D"PEX_MQX_KSDK" -I"C:/project3-colton/dd_scheduler/SDK/platform/hal/inc" -I"C:/project3-colton/dd_scheduler/SDK/platform/hal/src/sim/MK64F12" -I"C:/project3-colton/dd_scheduler/SDK/platform/system/src/clock/MK64F12" -I"C:/project3-colton/dd_scheduler/SDK/platform/system/inc" -I"C:/project3-colton/dd_scheduler/SDK/platform/osa/inc" -I"C:/project3-colton/dd_scheduler/SDK/platform/CMSIS/Include" -I"C:/project3-colton/dd_scheduler/SDK/platform/devices" -I"C:/project3-colton/dd_scheduler/SDK/platform/devices/MK64F12/include" -I"C:/project3-colton/dd_scheduler/SDK/platform/utilities/src" -I"C:/project3-colton/dd_scheduler/SDK/platform/utilities/inc" -I"C:/project3-colton/dd_scheduler/SDK/platform/devices/MK64F12/startup" -I"C:/project3-colton/dd_scheduler/Generated_Code/SDK/platform/devices/MK64F12/startup" -I"C:/project3-colton/dd_scheduler/Sources" -I"C:/project3-colton/dd_scheduler/Generated_Code" -I"C:/project3-colton/dd_scheduler/SDK/platform/drivers/inc" -I"C:/project3-colton/dd_scheduler/SDK/rtos/mqx/mqx/source/psp/cortex_m" -I"C:/project3-colton/dd_scheduler/SDK/rtos/mqx/mqx/source/psp/cortex_m/cpu" -I"C:/project3-colton/dd_scheduler/SDK/rtos/mqx/config/common" -I"C:/project3-colton/dd_scheduler/SDK/rtos/mqx/mqx/source/include" -I"C:/project3-colton/dd_scheduler/SDK/rtos/mqx/mqx/source/bsp" -I"C:/project3-colton/dd_scheduler/SDK/rtos/mqx/mqx/source/psp/cortex_m/compiler/gcc_arm" -I"C:/project3-colton/dd_scheduler/SDK/rtos/mqx/mqx/source/nio" -I"C:/project3-colton/dd_scheduler/SDK/rtos/mqx/mqx/source/nio/src" -I"C:/project3-colton/dd_scheduler/SDK/rtos/mqx/mqx/source/nio/fs" -I"C:/project3-colton/dd_scheduler/SDK/rtos/mqx/mqx/source/nio/drivers/nio_dummy" -I"C:/project3-colton/dd_scheduler/SDK/rtos/mqx/mqx/source/nio/drivers/nio_serial" -I"C:/project3-colton/dd_scheduler/SDK/rtos/mqx/mqx/source/nio/drivers/nio_tty" -I"C:/project3-colton/dd_scheduler/SDK/rtos/mqx/mqx_stdlib/source/include" -I"C:/project3-colton/dd_scheduler/SDK/rtos/mqx/mqx_stdlib/source/stdio" -I"C:/project3-colton/dd_scheduler/SDK/platform/hal/src/uart" -I"C:/project3-colton/dd_scheduler/SDK/platform/drivers/src/uart" -I"C:/project3-colton/dd_scheduler/Generated_Code/SDK/rtos/mqx/config/board" -I"C:/project3-colton/dd_scheduler/Generated_Code/SDK/rtos/mqx/config/mcu" -include"C:\project3-colton\dd_scheduler\SDK\rtos\mqx\mqx\source\psp\cortex_m\psptypes.h" -std=c99 -MMD -MP -MF"Sources/rtos_main_task.d" -MT"Sources/rtos_main_task.o" -c -o "Sources/rtos_main_task.o" "../Sources/rtos_main_task.c"
../Sources/rtos_main_task.c: In function 'main_task':
../Sources/rtos_main_task.c:86:4: warning: implicit declaration of function 'printf' [-Wimplicit-function-declaration]
    printf("\x1B[H\x1B[J"); // clear print window
    ^
../Sources/rtos_main_task.c:86:4: warning: incompatible implicit declaration of built-in function 'printf' [enabled by default]
Finished building: ../Sources/rtos_main_task.c
 
Building target: dd_scheduler.elf
Invoking: Cross ARM C++ Linker
arm-none-eabi-g++ -mcpu=cortex-m4 -mthumb -mfloat-abi=hard -mfpu=fpv4-sp-d16 -O0 -fmessage-length=0 -fsigned-char -ffunction-sections -fdata-sections -Wall  -g3 -T "C:/project3-colton/dd_scheduler/Project_Settings/Linker_Files/ProcessorExpert.ld" -Xlinker --gc-sections -L"C:/project3-colton/dd_scheduler/Project_Settings/Linker_Files" -Wl,-Map,"dd_scheduler.map" -lgcc -lc -lsupc++ -lm -specs=nosys.specs -nostartfiles -Xlinker -z -Xlinker muldefs -Xlinker -static -o "dd_scheduler.elf"  ./Static_Code/System/PE_low_level_init.o  ./Sources/BTN.o ./Sources/Events.o ./Sources/GPIO.o ./Sources/MessagePool.o ./Sources/Priority.o ./Sources/Queues.o ./Sources/RGB.o ./Sources/access_functions.o ./Sources/helper_function.o ./Sources/main.o ./Sources/os_tasks.o ./Sources/rtos_main_task.o  ./SDK/rtos/mqx/mqx_stdlib/source/strings/strings.o  ./SDK/rtos/mqx/mqx_stdlib/source/stdio/buf_prv.o ./SDK/rtos/mqx/mqx_stdlib/source/stdio/err.o ./SDK/rtos/mqx/mqx_stdlib/source/stdio/fclose.o ./SDK/rtos/mqx/mqx_stdlib/source/stdio/fflush.o ./SDK/rtos/mqx/mqx_stdlib/source/stdio/fopen.o ./SDK/rtos/mqx/mqx_stdlib/source/stdio/fp_prv.o ./SDK/rtos/mqx/mqx_stdlib/source/stdio/fread.o ./SDK/rtos/mqx/mqx_stdlib/source/stdio/fwrite.o ./SDK/rtos/mqx/mqx_stdlib/source/stdio/get.o ./SDK/rtos/mqx/mqx_stdlib/source/stdio/pos.o ./SDK/rtos/mqx/mqx_stdlib/source/stdio/print.o ./SDK/rtos/mqx/mqx_stdlib/source/stdio/print_prv.o ./SDK/rtos/mqx/mqx_stdlib/source/stdio/put.o ./SDK/rtos/mqx/mqx_stdlib/source/stdio/scan.o ./SDK/rtos/mqx/mqx_stdlib/source/stdio/scan_prv.o ./SDK/rtos/mqx/mqx_stdlib/source/stdio/stdio.o  ./SDK/rtos/mqx/mqx/source/string/str_utos.o ./SDK/rtos/mqx/mqx/source/string/strnlen.o  ./SDK/rtos/mqx/mqx/source/psp/cortex_m/core/M4/boot.o ./SDK/rtos/mqx/mqx/source/psp/cortex_m/core/M4/dispatch.o ./SDK/rtos/mqx/mqx/source/psp/cortex_m/core/M4/support.o  ./SDK/rtos/mqx/mqx/source/psp/cortex_m/compiler/gcc_arm/comp.o  ./SDK/rtos/mqx/mqx/source/psp/cortex_m/cortex.o ./SDK/rtos/mqx/mqx/source/psp/cortex_m/int_gkis.o ./SDK/rtos/mqx/mqx/source/psp/cortex_m/int_kisr.o ./SDK/rtos/mqx/mqx/source/psp/cortex_m/int_pvta.o ./SDK/rtos/mqx/mqx/source/psp/cortex_m/int_unx.o ./SDK/rtos/mqx/mqx/source/psp/cortex_m/int_vtab.o ./SDK/rtos/mqx/mqx/source/psp/cortex_m/int_xcpt.o ./SDK/rtos/mqx/mqx/source/psp/cortex_m/ipsum.o ./SDK/rtos/mqx/mqx/source/psp/cortex_m/mem_copy.o ./SDK/rtos/mqx/mqx/source/psp/cortex_m/mem_zero.o ./SDK/rtos/mqx/mqx/source/psp/cortex_m/nvic.o ./SDK/rtos/mqx/mqx/source/psp/cortex_m/psp_dati.o ./SDK/rtos/mqx/mqx/source/psp/cortex_m/psp_gelms.o ./SDK/rtos/mqx/mqx/source/psp/cortex_m/psp_hoti.o ./SDK/rtos/mqx/mqx/source/psp/cortex_m/psp_iinit.o ./SDK/rtos/mqx/mqx/source/psp/cortex_m/psp_mat1.o ./SDK/rtos/mqx/mqx/source/psp/cortex_m/psp_mat2.o ./SDK/rtos/mqx/mqx/source/psp/cortex_m/psp_mat3.o ./SDK/rtos/mqx/mqx/source/psp/cortex_m/psp_miti.o ./SDK/rtos/mqx/mqx/source/psp/cortex_m/psp_msti.o ./SDK/rtos/mqx/mqx/source/psp/cortex_m/psp_mstiq.o ./SDK/rtos/mqx/mqx/source/psp/cortex_m/psp_nsti.o ./SDK/rtos/mqx/mqx/source/psp/cortex_m/psp_psti.o ./SDK/rtos/mqx/mqx/source/psp/cortex_m/psp_seti.o ./SDK/rtos/mqx/mqx/source/psp/cortex_m/psp_supp.o ./SDK/rtos/mqx/mqx/source/psp/cortex_m/psp_tiad.o ./SDK/rtos/mqx/mqx/source/psp/cortex_m/psp_tida.o ./SDK/rtos/mqx/mqx/source/psp/cortex_m/psp_tihr.o ./SDK/rtos/mqx/mqx/source/psp/cortex_m/psp_timn.o ./SDK/rtos/mqx/mqx/source/psp/cortex_m/psp_tims.o ./SDK/rtos/mqx/mqx/source/psp/cortex_m/psp_tinm.o ./SDK/rtos/mqx/mqx/source/psp/cortex_m/psp_tins.o ./SDK/rtos/mqx/mqx/source/psp/cortex_m/psp_tiol.o ./SDK/rtos/mqx/mqx/source/psp/cortex_m/psp_tipr.o ./SDK/rtos/mqx/mqx/source/psp/cortex_m/psp_tips.o ./SDK/rtos/mqx/mqx/source/psp/cortex_m/psp_tise.o ./SDK/rtos/mqx/mqx/source/psp/cortex_m/psp_tisu.o ./SDK/rtos/mqx/mqx/source/psp/cortex_m/psp_tius.o ./SDK/rtos/mqx/mqx/source/psp/cortex_m/psp_tkti.o ./SDK/rtos/mqx/mqx/source/psp/cortex_m/psp_usti.o ./SDK/rtos/mqx/mqx/source/psp/cortex_m/sc_irdyq.o ./SDK/rtos/mqx/mqx/source/psp/cortex_m/stack_bu.o ./SDK/rtos/mqx/mqx/source/psp/cortex_m/stack_de.o ./SDK/rtos/mqx/mqx/source/psp/cortex_m/stack_st.o  ./SDK/rtos/mqx/mqx/source/nio/src/errno.o ./SDK/rtos/mqx/mqx/source/nio/src/nio.o ./SDK/rtos/mqx/mqx/source/nio/src/nio_posix.o ./SDK/rtos/mqx/mqx/source/nio/src/nio_std_adpt.o  ./SDK/rtos/mqx/mqx/source/nio/fs/fs_supp.o  ./SDK/rtos/mqx/mqx/source/nio/drivers/nio_tty/src/nio_tty.o  ./SDK/rtos/mqx/mqx/source/nio/drivers/nio_serial/src/nio_serial.o  ./SDK/rtos/mqx/mqx/source/nio/drivers/nio_dummy/src/nio_dummy.o  ./SDK/rtos/mqx/mqx/source/kernel/event.o ./SDK/rtos/mqx/mqx/source/kernel/idletask.o ./SDK/rtos/mqx/mqx/source/kernel/inittask.o ./SDK/rtos/mqx/mqx/source/kernel/int.o ./SDK/rtos/mqx/mqx/source/kernel/klog.o ./SDK/rtos/mqx/mqx/source/kernel/log.o ./SDK/rtos/mqx/mqx/source/kernel/lwevent.o ./SDK/rtos/mqx/mqx/source/kernel/lwlog.o ./SDK/rtos/mqx/mqx/source/kernel/lwmem.o ./SDK/rtos/mqx/mqx/source/kernel/lwmsgq.o ./SDK/rtos/mqx/mqx/source/kernel/lwsem.o ./SDK/rtos/mqx/mqx/source/kernel/lwtimer.o ./SDK/rtos/mqx/mqx/source/kernel/mem.o ./SDK/rtos/mqx/mqx/source/kernel/mqx.o ./SDK/rtos/mqx/mqx/source/kernel/msg.o ./SDK/rtos/mqx/mqx/source/kernel/msgpool.o ./SDK/rtos/mqx/mqx/source/kernel/msgq.o ./SDK/rtos/mqx/mqx/source/kernel/mutex.o ./SDK/rtos/mqx/mqx/source/kernel/name.o ./SDK/rtos/mqx/mqx/source/kernel/partition.o ./SDK/rtos/mqx/mqx/source/kernel/queue.o ./SDK/rtos/mqx/mqx/source/kernel/sched.o ./SDK/rtos/mqx/mqx/source/kernel/sem.o ./SDK/rtos/mqx/mqx/source/kernel/task.o ./SDK/rtos/mqx/mqx/source/kernel/taskq.o ./SDK/rtos/mqx/mqx/source/kernel/time.o ./SDK/rtos/mqx/mqx/source/kernel/timer.o ./SDK/rtos/mqx/mqx/source/kernel/tlsf.o ./SDK/rtos/mqx/mqx/source/kernel/tlsf_adaptation.o ./SDK/rtos/mqx/mqx/source/kernel/watchdog.o  ./SDK/rtos/mqx/mqx/source/bsp/init_bsp.o  ./SDK/platform/utilities/src/fsl_debug_console.o ./SDK/platform/utilities/src/fsl_misc_utilities.o ./SDK/platform/utilities/src/print_scan.o  ./SDK/platform/system/src/interrupt/fsl_interrupt_manager.o  ./SDK/platform/system/src/hwtimer/fsl_hwtimer.o ./SDK/platform/system/src/hwtimer/fsl_hwtimer_systick.o  ./SDK/platform/system/src/clock/MK64F12/fsl_clock_MK64F12.o  ./SDK/platform/system/src/clock/fsl_clock_manager.o ./SDK/platform/system/src/clock/fsl_clock_manager_common.o  ./SDK/platform/osa/src/fsl_os_abstraction_mqx.o  ./SDK/platform/hal/src/uart/fsl_uart_hal.o  ./SDK/platform/hal/src/sim/MK64F12/fsl_sim_hal_MK64F12.o  ./SDK/platform/hal/src/rtc/fsl_rtc_hal.o  ./SDK/platform/hal/src/port/fsl_port_hal.o  ./SDK/platform/hal/src/osc/fsl_osc_hal.o  ./SDK/platform/hal/src/mpu/fsl_mpu_hal.o  ./SDK/platform/hal/src/mcg/fsl_mcg_hal.o ./SDK/platform/hal/src/mcg/fsl_mcg_hal_modes.o  ./SDK/platform/hal/src/gpio/fsl_gpio_hal.o  ./SDK/platform/drivers/src/uart/fsl_uart_common.o ./SDK/platform/drivers/src/uart/fsl_uart_driver.o  ./SDK/platform/drivers/src/rtc/fsl_rtc_common.o  ./SDK/platform/drivers/src/mpu/fsl_mpu_common.o ./SDK/platform/drivers/src/mpu/fsl_mpu_driver.o  ./SDK/platform/drivers/src/gpio/fsl_gpio_common.o ./SDK/platform/drivers/src/gpio/fsl_gpio_driver.o  ./SDK/platform/devices/MK64F12/startup/gcc/startup_MK64F12.o  ./SDK/platform/devices/MK64F12/startup/system_MK64F12.o  ./SDK/platform/devices/startup.o  ./Generated_Code/Cpu.o ./Generated_Code/DD_Generator.o ./Generated_Code/DD_Idle.o ./Generated_Code/DD_Monitor.o ./Generated_Code/DD_Scheduler.o ./Generated_Code/DD_User.o ./Generated_Code/MainTask.o ./Generated_Code/clockMan1.o ./Generated_Code/fsl_hwtimer1.o ./Generated_Code/fsl_mpu1.o ./Generated_Code/gpio1.o ./Generated_Code/hardware_init.o ./Generated_Code/mqx_ksdk.o ./Generated_Code/osa1.o ./Generated_Code/pin_init.o ./Generated_Code/uart1.o   
Finished building target: dd_scheduler.elf
 
Invoking: Cross ARM GNU Print Size
arm-none-eabi-size --format=berkeley "dd_scheduler.elf"
   text	   data	    bss	    dec	    hex	filename
  71468	   2288	   3484	  77240	  12db8	dd_scheduler.elf
Finished building: dd_scheduler.siz
 
09:49:16 **** Incremental Build of configuration Debug for project dd_scheduler ****
make all 
Building file: ../Sources/MessagePool.c
Invoking: Cross ARM C Compiler
arm-none-eabi-gcc -mcpu=cortex-m4 -mthumb -mfloat-abi=hard -mfpu=fpv4-sp-d16 -O0 -fmessage-length=0 -fsigned-char -ffunction-sections -fdata-sections -Wall  -g3 -D"CPU_MK64FN1M0VLL12" -D"FSL_RTOS_MQX" -D"PEX_MQX_KSDK" -I"C:/project3-colton/dd_scheduler/SDK/platform/hal/inc" -I"C:/project3-colton/dd_scheduler/SDK/platform/hal/src/sim/MK64F12" -I"C:/project3-colton/dd_scheduler/SDK/platform/system/src/clock/MK64F12" -I"C:/project3-colton/dd_scheduler/SDK/platform/system/inc" -I"C:/project3-colton/dd_scheduler/SDK/platform/osa/inc" -I"C:/project3-colton/dd_scheduler/SDK/platform/CMSIS/Include" -I"C:/project3-colton/dd_scheduler/SDK/platform/devices" -I"C:/project3-colton/dd_scheduler/SDK/platform/devices/MK64F12/include" -I"C:/project3-colton/dd_scheduler/SDK/platform/utilities/src" -I"C:/project3-colton/dd_scheduler/SDK/platform/utilities/inc" -I"C:/project3-colton/dd_scheduler/SDK/platform/devices/MK64F12/startup" -I"C:/project3-colton/dd_scheduler/Generated_Code/SDK/platform/devices/MK64F12/startup" -I"C:/project3-colton/dd_scheduler/Sources" -I"C:/project3-colton/dd_scheduler/Generated_Code" -I"C:/project3-colton/dd_scheduler/SDK/platform/drivers/inc" -I"C:/project3-colton/dd_scheduler/SDK/rtos/mqx/mqx/source/psp/cortex_m" -I"C:/project3-colton/dd_scheduler/SDK/rtos/mqx/mqx/source/psp/cortex_m/cpu" -I"C:/project3-colton/dd_scheduler/SDK/rtos/mqx/config/common" -I"C:/project3-colton/dd_scheduler/SDK/rtos/mqx/mqx/source/include" -I"C:/project3-colton/dd_scheduler/SDK/rtos/mqx/mqx/source/bsp" -I"C:/project3-colton/dd_scheduler/SDK/rtos/mqx/mqx/source/psp/cortex_m/compiler/gcc_arm" -I"C:/project3-colton/dd_scheduler/SDK/rtos/mqx/mqx/source/nio" -I"C:/project3-colton/dd_scheduler/SDK/rtos/mqx/mqx/source/nio/src" -I"C:/project3-colton/dd_scheduler/SDK/rtos/mqx/mqx/source/nio/fs" -I"C:/project3-colton/dd_scheduler/SDK/rtos/mqx/mqx/source/nio/drivers/nio_dummy" -I"C:/project3-colton/dd_scheduler/SDK/rtos/mqx/mqx/source/nio/drivers/nio_serial" -I"C:/project3-colton/dd_scheduler/SDK/rtos/mqx/mqx/source/nio/drivers/nio_tty" -I"C:/project3-colton/dd_scheduler/SDK/rtos/mqx/mqx_stdlib/source/include" -I"C:/project3-colton/dd_scheduler/SDK/rtos/mqx/mqx_stdlib/source/stdio" -I"C:/project3-colton/dd_scheduler/SDK/platform/hal/src/uart" -I"C:/project3-colton/dd_scheduler/SDK/platform/drivers/src/uart" -I"C:/project3-colton/dd_scheduler/Generated_Code/SDK/rtos/mqx/config/board" -I"C:/project3-colton/dd_scheduler/Generated_Code/SDK/rtos/mqx/config/mcu" -include"C:\project3-colton\dd_scheduler\SDK\rtos\mqx\mqx\source\psp\cortex_m\psptypes.h" -std=c99 -MMD -MP -MF"Sources/MessagePool.d" -MT"Sources/MessagePool.o" -c -o "Sources/MessagePool.o" "../Sources/MessagePool.c"
../Sources/MessagePool.c: In function 'msgpop':
../Sources/MessagePool.c:88:2: warning: pointer targets in passing argument 1 of 'strcpy' differ in signedness [-Wpointer-sign]
  strcpy(msg_ptr->DATA, (UCHAR_PTR)data);
  ^
In file included from c:\freescale\kds_v3\toolchain\arm-none-eabi\include\stdlib.h:11:0,
                 from C:/project3-colton/dd_scheduler/SDK/platform/devices/MK64F12/include/fsl_bitaccess.h:80,
                 from C:/project3-colton/dd_scheduler/SDK/platform/devices/MK64F12/include/MK64F12_extension.h:92,
                 from C:/project3-colton/dd_scheduler/SDK/platform/devices/fsl_device_registers.h:343,
                 from C:/project3-colton/dd_scheduler/SDK/rtos/mqx/mqx/source/include/mqx_cpudef.h:30,
                 from C:/project3-colton/dd_scheduler/SDK/rtos/mqx/mqx/source/psp/cortex_m/psp_comp.h:33,
                 from C:/project3-colton/dd_scheduler/SDK/rtos/mqx/mqx/source/include/mqx.h:90,
                 from ../Sources/MessagePool.h:11,
                 from ../Sources/MessagePool.c:7:
c:\freescale\kds_v3\toolchain\arm-none-eabi\include\string.h:30:8: note: expected 'char * restrict' but argument is of type 'unsigned char *'
 char  *_EXFUN(strcpy,(char *__restrict, const char *__restrict));
        ^
../Sources/MessagePool.c:88:2: warning: pointer targets in passing argument 2 of 'strcpy' differ in signedness [-Wpointer-sign]
  strcpy(msg_ptr->DATA, (UCHAR_PTR)data);
  ^
In file included from c:\freescale\kds_v3\toolchain\arm-none-eabi\include\stdlib.h:11:0,
                 from C:/project3-colton/dd_scheduler/SDK/platform/devices/MK64F12/include/fsl_bitaccess.h:80,
                 from C:/project3-colton/dd_scheduler/SDK/platform/devices/MK64F12/include/MK64F12_extension.h:92,
                 from C:/project3-colton/dd_scheduler/SDK/platform/devices/fsl_device_registers.h:343,
                 from C:/project3-colton/dd_scheduler/SDK/rtos/mqx/mqx/source/include/mqx_cpudef.h:30,
                 from C:/project3-colton/dd_scheduler/SDK/rtos/mqx/mqx/source/psp/cortex_m/psp_comp.h:33,
                 from C:/project3-colton/dd_scheduler/SDK/rtos/mqx/mqx/source/include/mqx.h:90,
                 from ../Sources/MessagePool.h:11,
                 from ../Sources/MessagePool.c:7:
c:\freescale\kds_v3\toolchain\arm-none-eabi\include\string.h:30:8: note: expected 'const char * restrict' but argument is of type 'unsigned char *'
 char  *_EXFUN(strcpy,(char *__restrict, const char *__restrict));
        ^
../Sources/MessagePool.c: In function 'msgreceivetimeout':
../Sources/MessagePool.c:137:3: warning: implicit declaration of function 'println' [-Wimplicit-function-declaration]
   println("MSGNULL");
   ^
Finished building: ../Sources/MessagePool.c
 
Building file: ../Sources/access_functions.c
Invoking: Cross ARM C Compiler
arm-none-eabi-gcc -mcpu=cortex-m4 -mthumb -mfloat-abi=hard -mfpu=fpv4-sp-d16 -O0 -fmessage-length=0 -fsigned-char -ffunction-sections -fdata-sections -Wall  -g3 -D"CPU_MK64FN1M0VLL12" -D"FSL_RTOS_MQX" -D"PEX_MQX_KSDK" -I"C:/project3-colton/dd_scheduler/SDK/platform/hal/inc" -I"C:/project3-colton/dd_scheduler/SDK/platform/hal/src/sim/MK64F12" -I"C:/project3-colton/dd_scheduler/SDK/platform/system/src/clock/MK64F12" -I"C:/project3-colton/dd_scheduler/SDK/platform/system/inc" -I"C:/project3-colton/dd_scheduler/SDK/platform/osa/inc" -I"C:/project3-colton/dd_scheduler/SDK/platform/CMSIS/Include" -I"C:/project3-colton/dd_scheduler/SDK/platform/devices" -I"C:/project3-colton/dd_scheduler/SDK/platform/devices/MK64F12/include" -I"C:/project3-colton/dd_scheduler/SDK/platform/utilities/src" -I"C:/project3-colton/dd_scheduler/SDK/platform/utilities/inc" -I"C:/project3-colton/dd_scheduler/SDK/platform/devices/MK64F12/startup" -I"C:/project3-colton/dd_scheduler/Generated_Code/SDK/platform/devices/MK64F12/startup" -I"C:/project3-colton/dd_scheduler/Sources" -I"C:/project3-colton/dd_scheduler/Generated_Code" -I"C:/project3-colton/dd_scheduler/SDK/platform/drivers/inc" -I"C:/project3-colton/dd_scheduler/SDK/rtos/mqx/mqx/source/psp/cortex_m" -I"C:/project3-colton/dd_scheduler/SDK/rtos/mqx/mqx/source/psp/cortex_m/cpu" -I"C:/project3-colton/dd_scheduler/SDK/rtos/mqx/config/common" -I"C:/project3-colton/dd_scheduler/SDK/rtos/mqx/mqx/source/include" -I"C:/project3-colton/dd_scheduler/SDK/rtos/mqx/mqx/source/bsp" -I"C:/project3-colton/dd_scheduler/SDK/rtos/mqx/mqx/source/psp/cortex_m/compiler/gcc_arm" -I"C:/project3-colton/dd_scheduler/SDK/rtos/mqx/mqx/source/nio" -I"C:/project3-colton/dd_scheduler/SDK/rtos/mqx/mqx/source/nio/src" -I"C:/project3-colton/dd_scheduler/SDK/rtos/mqx/mqx/source/nio/fs" -I"C:/project3-colton/dd_scheduler/SDK/rtos/mqx/mqx/source/nio/drivers/nio_dummy" -I"C:/project3-colton/dd_scheduler/SDK/rtos/mqx/mqx/source/nio/drivers/nio_serial" -I"C:/project3-colton/dd_scheduler/SDK/rtos/mqx/mqx/source/nio/drivers/nio_tty" -I"C:/project3-colton/dd_scheduler/SDK/rtos/mqx/mqx_stdlib/source/include" -I"C:/project3-colton/dd_scheduler/SDK/rtos/mqx/mqx_stdlib/source/stdio" -I"C:/project3-colton/dd_scheduler/SDK/platform/hal/src/uart" -I"C:/project3-colton/dd_scheduler/SDK/platform/drivers/src/uart" -I"C:/project3-colton/dd_scheduler/Generated_Code/SDK/rtos/mqx/config/board" -I"C:/project3-colton/dd_scheduler/Generated_Code/SDK/rtos/mqx/config/mcu" -include"C:\project3-colton\dd_scheduler\SDK\rtos\mqx\mqx\source\psp\cortex_m\psptypes.h" -std=c99 -MMD -MP -MF"Sources/access_functions.d" -MT"Sources/access_functions.o" -c -o "Sources/access_functions.o" "../Sources/access_functions.c"
In file included from ../Sources/access_functions.c:11:0:
../Sources/Priority.h: In function 'priorityget':
../Sources/Priority.h:17:12: warning: unused variable 'RETURNCODE' [-Wunused-variable]
  _mqx_uint RETURNCODE = _task_get_priority(_task_get_id(),&priority);
            ^
../Sources/Priority.h: In function 'priorityset':
../Sources/Priority.h:23:12: warning: unused variable 'RETURNCODE' [-Wunused-variable]
  _mqx_uint RETURNCODE = _task_set_priority(_task_get_id(),PRIORITY_OSA_TO_RTOS(newpriority),&oldpriority);
            ^
../Sources/Priority.h: In function 'prioritysettask':
../Sources/Priority.h:28:12: warning: unused variable 'RETURNCODE' [-Wunused-variable]
  _mqx_uint RETURNCODE = _task_set_priority(taskid,PRIORITY_OSA_TO_RTOS(newpriority),&oldpriority);
            ^
../Sources/access_functions.c: In function 'dd_tcreate':
../Sources/access_functions.c:51:2: warning: pointer targets in passing argument 1 of 'strcmp' differ in signedness [-Wpointer-sign]
  if (strcmp(msg_ptr->DATA, TaskCreatedString) == 0) {
  ^
In file included from c:\freescale\kds_v3\toolchain\arm-none-eabi\include\stdlib.h:11:0,
                 from C:/project3-colton/dd_scheduler/SDK/platform/devices/MK64F12/include/fsl_bitaccess.h:80,
                 from C:/project3-colton/dd_scheduler/SDK/platform/devices/MK64F12/include/MK64F12_extension.h:92,
                 from C:/project3-colton/dd_scheduler/SDK/platform/devices/fsl_device_registers.h:343,
                 from C:/project3-colton/dd_scheduler/SDK/rtos/mqx/mqx/source/include/mqx_cpudef.h:30,
                 from C:/project3-colton/dd_scheduler/SDK/rtos/mqx/mqx/source/psp/cortex_m/psp_comp.h:33,
                 from C:/project3-colton/dd_scheduler/SDK/rtos/mqx/mqx/source/include/mqx.h:90,
                 from ../Sources/access_functions.h:11,
                 from ../Sources/access_functions.c:8:
c:\freescale\kds_v3\toolchain\arm-none-eabi\include\string.h:28:6: note: expected 'const char *' but argument is of type 'unsigned char *'
 int  _EXFUN(strcmp,(const char *, const char *));
      ^
../Sources/access_functions.c:51:2: warning: pointer targets in passing argument 2 of 'strcmp' differ in signedness [-Wpointer-sign]
  if (strcmp(msg_ptr->DATA, TaskCreatedString) == 0) {
  ^
In file included from c:\freescale\kds_v3\toolchain\arm-none-eabi\include\stdlib.h:11:0,
                 from C:/project3-colton/dd_scheduler/SDK/platform/devices/MK64F12/include/fsl_bitaccess.h:80,
                 from C:/project3-colton/dd_scheduler/SDK/platform/devices/MK64F12/include/MK64F12_extension.h:92,
                 from C:/project3-colton/dd_scheduler/SDK/platform/devices/fsl_device_registers.h:343,
                 from C:/project3-colton/dd_scheduler/SDK/rtos/mqx/mqx/source/include/mqx_cpudef.h:30,
                 from C:/project3-colton/dd_scheduler/SDK/rtos/mqx/mqx/source/psp/cortex_m/psp_comp.h:33,
                 from C:/project3-colton/dd_scheduler/SDK/rtos/mqx/mqx/source/include/mqx.h:90,
                 from ../Sources/access_functions.h:11,
                 from ../Sources/access_functions.c:8:
c:\freescale\kds_v3\toolchain\arm-none-eabi\include\string.h:28:6: note: expected 'const char *' but argument is of type 'UCHAR_PTR'
 int  _EXFUN(strcmp,(const char *, const char *));
      ^
../Sources/access_functions.c: In function 'dd_delete':
../Sources/access_functions.c:88:2: warning: pointer targets in passing argument 1 of 'printf' differ in signedness [-Wpointer-sign]
  printf((UCHAR_PTR)msg_ptr->DATA);
  ^
In file included from ../Sources/access_functions.h:12:0,
                 from ../Sources/access_functions.c:8:
C:/project3-colton/dd_scheduler/SDK/rtos/mqx/mqx_stdlib/source/include/stdio.h:222:10: note: expected 'const char *' but argument is of type 'unsigned char *'
 int      printf(const char *, ...);
          ^
../Sources/access_functions.c:91:2: warning: pointer targets in passing argument 1 of 'strcmp' differ in signedness [-Wpointer-sign]
  if (strcmp(msg_ptr->DATA, TaskDeletedString) == 0) {
  ^
In file included from c:\freescale\kds_v3\toolchain\arm-none-eabi\include\stdlib.h:11:0,
                 from C:/project3-colton/dd_scheduler/SDK/platform/devices/MK64F12/include/fsl_bitaccess.h:80,
                 from C:/project3-colton/dd_scheduler/SDK/platform/devices/MK64F12/include/MK64F12_extension.h:92,
                 from C:/project3-colton/dd_scheduler/SDK/platform/devices/fsl_device_registers.h:343,
                 from C:/project3-colton/dd_scheduler/SDK/rtos/mqx/mqx/source/include/mqx_cpudef.h:30,
                 from C:/project3-colton/dd_scheduler/SDK/rtos/mqx/mqx/source/psp/cortex_m/psp_comp.h:33,
                 from C:/project3-colton/dd_scheduler/SDK/rtos/mqx/mqx/source/include/mqx.h:90,
                 from ../Sources/access_functions.h:11,
                 from ../Sources/access_functions.c:8:
c:\freescale\kds_v3\toolchain\arm-none-eabi\include\string.h:28:6: note: expected 'const char *' but argument is of type 'unsigned char *'
 int  _EXFUN(strcmp,(const char *, const char *));
      ^
../Sources/access_functions.c:91:2: warning: pointer targets in passing argument 2 of 'strcmp' differ in signedness [-Wpointer-sign]
  if (strcmp(msg_ptr->DATA, TaskDeletedString) == 0) {
  ^
In file included from c:\freescale\kds_v3\toolchain\arm-none-eabi\include\stdlib.h:11:0,
                 from C:/project3-colton/dd_scheduler/SDK/platform/devices/MK64F12/include/fsl_bitaccess.h:80,
                 from C:/project3-colton/dd_scheduler/SDK/platform/devices/MK64F12/include/MK64F12_extension.h:92,
                 from C:/project3-colton/dd_scheduler/SDK/platform/devices/fsl_device_registers.h:343,
                 from C:/project3-colton/dd_scheduler/SDK/rtos/mqx/mqx/source/include/mqx_cpudef.h:30,
                 from C:/project3-colton/dd_scheduler/SDK/rtos/mqx/mqx/source/psp/cortex_m/psp_comp.h:33,
                 from C:/project3-colton/dd_scheduler/SDK/rtos/mqx/mqx/source/include/mqx.h:90,
                 from ../Sources/access_functions.h:11,
                 from ../Sources/access_functions.c:8:
c:\freescale\kds_v3\toolchain\arm-none-eabi\include\string.h:28:6: note: expected 'const char *' but argument is of type 'UCHAR_PTR'
 int  _EXFUN(strcmp,(const char *, const char *));
      ^
Finished building: ../Sources/access_functions.c
 
Building file: ../Sources/os_tasks.c
Invoking: Cross ARM C Compiler
arm-none-eabi-gcc -mcpu=cortex-m4 -mthumb -mfloat-abi=hard -mfpu=fpv4-sp-d16 -O0 -fmessage-length=0 -fsigned-char -ffunction-sections -fdata-sections -Wall  -g3 -D"CPU_MK64FN1M0VLL12" -D"FSL_RTOS_MQX" -D"PEX_MQX_KSDK" -I"C:/project3-colton/dd_scheduler/SDK/platform/hal/inc" -I"C:/project3-colton/dd_scheduler/SDK/platform/hal/src/sim/MK64F12" -I"C:/project3-colton/dd_scheduler/SDK/platform/system/src/clock/MK64F12" -I"C:/project3-colton/dd_scheduler/SDK/platform/system/inc" -I"C:/project3-colton/dd_scheduler/SDK/platform/osa/inc" -I"C:/project3-colton/dd_scheduler/SDK/platform/CMSIS/Include" -I"C:/project3-colton/dd_scheduler/SDK/platform/devices" -I"C:/project3-colton/dd_scheduler/SDK/platform/devices/MK64F12/include" -I"C:/project3-colton/dd_scheduler/SDK/platform/utilities/src" -I"C:/project3-colton/dd_scheduler/SDK/platform/utilities/inc" -I"C:/project3-colton/dd_scheduler/SDK/platform/devices/MK64F12/startup" -I"C:/project3-colton/dd_scheduler/Generated_Code/SDK/platform/devices/MK64F12/startup" -I"C:/project3-colton/dd_scheduler/Sources" -I"C:/project3-colton/dd_scheduler/Generated_Code" -I"C:/project3-colton/dd_scheduler/SDK/platform/drivers/inc" -I"C:/project3-colton/dd_scheduler/SDK/rtos/mqx/mqx/source/psp/cortex_m" -I"C:/project3-colton/dd_scheduler/SDK/rtos/mqx/mqx/source/psp/cortex_m/cpu" -I"C:/project3-colton/dd_scheduler/SDK/rtos/mqx/config/common" -I"C:/project3-colton/dd_scheduler/SDK/rtos/mqx/mqx/source/include" -I"C:/project3-colton/dd_scheduler/SDK/rtos/mqx/mqx/source/bsp" -I"C:/project3-colton/dd_scheduler/SDK/rtos/mqx/mqx/source/psp/cortex_m/compiler/gcc_arm" -I"C:/project3-colton/dd_scheduler/SDK/rtos/mqx/mqx/source/nio" -I"C:/project3-colton/dd_scheduler/SDK/rtos/mqx/mqx/source/nio/src" -I"C:/project3-colton/dd_scheduler/SDK/rtos/mqx/mqx/source/nio/fs" -I"C:/project3-colton/dd_scheduler/SDK/rtos/mqx/mqx/source/nio/drivers/nio_dummy" -I"C:/project3-colton/dd_scheduler/SDK/rtos/mqx/mqx/source/nio/drivers/nio_serial" -I"C:/project3-colton/dd_scheduler/SDK/rtos/mqx/mqx/source/nio/drivers/nio_tty" -I"C:/project3-colton/dd_scheduler/SDK/rtos/mqx/mqx_stdlib/source/include" -I"C:/project3-colton/dd_scheduler/SDK/rtos/mqx/mqx_stdlib/source/stdio" -I"C:/project3-colton/dd_scheduler/SDK/platform/hal/src/uart" -I"C:/project3-colton/dd_scheduler/SDK/platform/drivers/src/uart" -I"C:/project3-colton/dd_scheduler/Generated_Code/SDK/rtos/mqx/config/board" -I"C:/project3-colton/dd_scheduler/Generated_Code/SDK/rtos/mqx/config/mcu" -include"C:\project3-colton\dd_scheduler\SDK\rtos\mqx\mqx\source\psp\cortex_m\psptypes.h" -std=c99 -MMD -MP -MF"Sources/os_tasks.d" -MT"Sources/os_tasks.o" -c -o "Sources/os_tasks.o" "../Sources/os_tasks.c"
In file included from ../Sources/os_tasks.c:45:0:
../Sources/Priority.h: In function 'priorityget':
../Sources/Priority.h:17:12: warning: unused variable 'RETURNCODE' [-Wunused-variable]
  _mqx_uint RETURNCODE = _task_get_priority(_task_get_id(),&priority);
            ^
../Sources/Priority.h: In function 'priorityset':
../Sources/Priority.h:23:12: warning: unused variable 'RETURNCODE' [-Wunused-variable]
  _mqx_uint RETURNCODE = _task_set_priority(_task_get_id(),PRIORITY_OSA_TO_RTOS(newpriority),&oldpriority);
            ^
../Sources/Priority.h: In function 'prioritysettask':
../Sources/Priority.h:28:12: warning: unused variable 'RETURNCODE' [-Wunused-variable]
  _mqx_uint RETURNCODE = _task_set_priority(taskid,PRIORITY_OSA_TO_RTOS(newpriority),&oldpriority);
            ^
../Sources/os_tasks.c: In function 'synthetic_compute_ticks':
../Sources/os_tasks.c:69:2: warning: passing argument 1 of '_timer_start_oneshot_after_ticks' from incompatible pointer type [enabled by default]
  _timer_start_oneshot_after_ticks(timer_callback, (void *) &flag, TIMER_ELAPSED_TIME_MODE, &Ticks);
  ^
In file included from ../Sources/os_tasks.c:48:0:
C:/project3-colton/dd_scheduler/SDK/rtos/mqx/mqx/source/include/timer.h:96:19: note: expected 'TIMER_NOTIFICATION_TICK_FPTR' but argument is of type 'void (*)(_timer_id,  void *, unsigned int,  unsigned int)'
 extern _timer_id  _timer_start_oneshot_after_ticks(
                   ^
../Sources/os_tasks.c: In function 'synthetic_compute_ms':
../Sources/os_tasks.c:80:2: warning: passing argument 1 of '_timer_start_oneshot_after_ticks' from incompatible pointer type [enabled by default]
  _timer_start_oneshot_after_ticks(timer_callback, (void *) &flag, TIMER_ELAPSED_TIME_MODE, &Ticks);
  ^
In file included from ../Sources/os_tasks.c:48:0:
C:/project3-colton/dd_scheduler/SDK/rtos/mqx/mqx/source/include/timer.h:96:19: note: expected 'TIMER_NOTIFICATION_TICK_FPTR' but argument is of type 'void (*)(_timer_id,  void *, unsigned int,  unsigned int)'
 extern _timer_id  _timer_start_oneshot_after_ticks(
                   ^
../Sources/os_tasks.c: In function 'refreshEarliestDeadlineTask':
../Sources/os_tasks.c:138:3: warning: passing argument 1 of 'println' makes pointer from integer without a cast [enabled by default]
   println((*ppEDF)->deadline);
   ^
In file included from ../Sources/os_tasks.c:42:0:
../Sources/helper_function.h:14:6: note: expected 'char *' but argument is of type 'unsigned int'
 void println(char * str);
      ^
../Sources/os_tasks.c: In function 'dd_scheduler_task':
../Sources/os_tasks.c:264:4: warning: pointer targets in passing argument 1 of 'printf' differ in signedness [-Wpointer-sign]
    printf((UCHAR_PTR)msg_ptr->DATA); // DELETE?
    ^
In file included from ../Sources/access_functions.h:12:0,
                 from ../Sources/os_tasks.c:43:
C:/project3-colton/dd_scheduler/SDK/rtos/mqx/mqx_stdlib/source/include/stdio.h:222:10: note: expected 'const char *' but argument is of type 'unsigned char *'
 int      printf(const char *, ...);
          ^
../Sources/os_tasks.c:164:12: warning: unused variable 'dd_qid' [-Wunused-variable]
  _queue_id dd_qid = qopen(DD_QUEUE);
            ^
../Sources/os_tasks.c: In function 'PeriodicallyAddTask':
../Sources/os_tasks.c:330:2: warning: passing argument 1 of '_time_init_ticks' from incompatible pointer type [enabled by default]
  _time_init_ticks(&tick_ptr,0);
  ^
In file included from C:/project3-colton/dd_scheduler/SDK/platform/osa/inc/fsl_os_abstraction_mqx.h:84:0,
                 from C:/project3-colton/dd_scheduler/SDK/platform/osa/inc/fsl_os_abstraction.h:76,
                 from C:/project3-colton/dd_scheduler/SDK/platform/drivers/inc/fsl_uart_driver.h:36,
                 from C:/project3-colton/dd_scheduler/Generated_Code/Cpu.h:80,
                 from ../Sources/os_tasks.c:30:
C:/project3-colton/dd_scheduler/SDK/rtos/mqx/mqx/source/include/mqx.h:1772:29: note: expected 'MQX_TICK_STRUCT_PTR' but argument is of type 'struct mqx_tick_struct **'
 extern _mqx_uint            _time_init_ticks(MQX_TICK_STRUCT_PTR, _mqx_uint);
                             ^
../Sources/os_tasks.c:331:2: warning: passing argument 1 of '_time_add_msec_to_ticks' from incompatible pointer type [enabled by default]
  _time_add_msec_to_ticks(&tick_ptr,PERIODIC_PERIOD);
  ^
In file included from C:/project3-colton/dd_scheduler/SDK/platform/osa/inc/fsl_os_abstraction_mqx.h:84:0,
                 from C:/project3-colton/dd_scheduler/SDK/platform/osa/inc/fsl_os_abstraction.h:76,
                 from C:/project3-colton/dd_scheduler/SDK/platform/drivers/inc/fsl_uart_driver.h:36,
                 from C:/project3-colton/dd_scheduler/Generated_Code/Cpu.h:80,
                 from ../Sources/os_tasks.c:30:
C:/project3-colton/dd_scheduler/SDK/rtos/mqx/mqx/source/include/mqx.h:1731:29: note: expected 'MQX_TICK_STRUCT_PTR' but argument is of type 'struct mqx_tick_struct **'
 extern MQX_TICK_STRUCT_PTR  _time_add_msec_to_ticks(MQX_TICK_STRUCT_PTR, _mqx_uint);
                             ^
../Sources/os_tasks.c:332:2: warning: passing argument 4 of '_timer_start_periodic_every_ticks' from incompatible pointer type [enabled by default]
  *(_timer_id * )data_ptr = _timer_start_periodic_every_ticks(PeriodicallyAddTask,0,TIMER_ELAPSED_TIME_MODE, &tick_ptr);
  ^
In file included from ../Sources/os_tasks.c:48:0:
C:/project3-colton/dd_scheduler/SDK/rtos/mqx/mqx/source/include/timer.h:100:19: note: expected 'MQX_TICK_STRUCT_PTR' but argument is of type 'struct mqx_tick_struct **'
 extern _timer_id  _timer_start_periodic_every_ticks( 
                   ^
../Sources/os_tasks.c: In function 'generator_task':
../Sources/os_tasks.c:342:16: warning: unused variable 'overdue_tasks_head_ptr' [-Wunused-variable]
  TASK_NODE_PTR overdue_tasks_head_ptr = NULL;
                ^
../Sources/os_tasks.c:341:16: warning: unused variable 'active_tasks_head_ptr' [-Wunused-variable]
  TASK_NODE_PTR active_tasks_head_ptr  = NULL;
                ^
../Sources/os_tasks.c: At top level:
../Sources/os_tasks.c:321:13: warning: 'PeriodicallyAddTask' defined but not used [-Wunused-function]
 static void PeriodicallyAddTask(
             ^
Finished building: ../Sources/os_tasks.c
 
Building file: ../Sources/rtos_main_task.c
Invoking: Cross ARM C Compiler
arm-none-eabi-gcc -mcpu=cortex-m4 -mthumb -mfloat-abi=hard -mfpu=fpv4-sp-d16 -O0 -fmessage-length=0 -fsigned-char -ffunction-sections -fdata-sections -Wall  -g3 -D"CPU_MK64FN1M0VLL12" -D"FSL_RTOS_MQX" -D"PEX_MQX_KSDK" -I"C:/project3-colton/dd_scheduler/SDK/platform/hal/inc" -I"C:/project3-colton/dd_scheduler/SDK/platform/hal/src/sim/MK64F12" -I"C:/project3-colton/dd_scheduler/SDK/platform/system/src/clock/MK64F12" -I"C:/project3-colton/dd_scheduler/SDK/platform/system/inc" -I"C:/project3-colton/dd_scheduler/SDK/platform/osa/inc" -I"C:/project3-colton/dd_scheduler/SDK/platform/CMSIS/Include" -I"C:/project3-colton/dd_scheduler/SDK/platform/devices" -I"C:/project3-colton/dd_scheduler/SDK/platform/devices/MK64F12/include" -I"C:/project3-colton/dd_scheduler/SDK/platform/utilities/src" -I"C:/project3-colton/dd_scheduler/SDK/platform/utilities/inc" -I"C:/project3-colton/dd_scheduler/SDK/platform/devices/MK64F12/startup" -I"C:/project3-colton/dd_scheduler/Generated_Code/SDK/platform/devices/MK64F12/startup" -I"C:/project3-colton/dd_scheduler/Sources" -I"C:/project3-colton/dd_scheduler/Generated_Code" -I"C:/project3-colton/dd_scheduler/SDK/platform/drivers/inc" -I"C:/project3-colton/dd_scheduler/SDK/rtos/mqx/mqx/source/psp/cortex_m" -I"C:/project3-colton/dd_scheduler/SDK/rtos/mqx/mqx/source/psp/cortex_m/cpu" -I"C:/project3-colton/dd_scheduler/SDK/rtos/mqx/config/common" -I"C:/project3-colton/dd_scheduler/SDK/rtos/mqx/mqx/source/include" -I"C:/project3-colton/dd_scheduler/SDK/rtos/mqx/mqx/source/bsp" -I"C:/project3-colton/dd_scheduler/SDK/rtos/mqx/mqx/source/psp/cortex_m/compiler/gcc_arm" -I"C:/project3-colton/dd_scheduler/SDK/rtos/mqx/mqx/source/nio" -I"C:/project3-colton/dd_scheduler/SDK/rtos/mqx/mqx/source/nio/src" -I"C:/project3-colton/dd_scheduler/SDK/rtos/mqx/mqx/source/nio/fs" -I"C:/project3-colton/dd_scheduler/SDK/rtos/mqx/mqx/source/nio/drivers/nio_dummy" -I"C:/project3-colton/dd_scheduler/SDK/rtos/mqx/mqx/source/nio/drivers/nio_serial" -I"C:/project3-colton/dd_scheduler/SDK/rtos/mqx/mqx/source/nio/drivers/nio_tty" -I"C:/project3-colton/dd_scheduler/SDK/rtos/mqx/mqx_stdlib/source/include" -I"C:/project3-colton/dd_scheduler/SDK/rtos/mqx/mqx_stdlib/source/stdio" -I"C:/project3-colton/dd_scheduler/SDK/platform/hal/src/uart" -I"C:/project3-colton/dd_scheduler/SDK/platform/drivers/src/uart" -I"C:/project3-colton/dd_scheduler/Generated_Code/SDK/rtos/mqx/config/board" -I"C:/project3-colton/dd_scheduler/Generated_Code/SDK/rtos/mqx/config/mcu" -include"C:\project3-colton\dd_scheduler\SDK\rtos\mqx\mqx\source\psp\cortex_m\psptypes.h" -std=c99 -MMD -MP -MF"Sources/rtos_main_task.d" -MT"Sources/rtos_main_task.o" -c -o "Sources/rtos_main_task.o" "../Sources/rtos_main_task.c"
../Sources/rtos_main_task.c: In function 'main_task':
../Sources/rtos_main_task.c:86:4: warning: implicit declaration of function 'printf' [-Wimplicit-function-declaration]
    printf("\x1B[H\x1B[J"); // clear print window
    ^
../Sources/rtos_main_task.c:86:4: warning: incompatible implicit declaration of built-in function 'printf' [enabled by default]
Finished building: ../Sources/rtos_main_task.c
 
Building target: dd_scheduler.elf
Invoking: Cross ARM C++ Linker
arm-none-eabi-g++ -mcpu=cortex-m4 -mthumb -mfloat-abi=hard -mfpu=fpv4-sp-d16 -O0 -fmessage-length=0 -fsigned-char -ffunction-sections -fdata-sections -Wall  -g3 -T "C:/project3-colton/dd_scheduler/Project_Settings/Linker_Files/ProcessorExpert.ld" -Xlinker --gc-sections -L"C:/project3-colton/dd_scheduler/Project_Settings/Linker_Files" -Wl,-Map,"dd_scheduler.map" -lgcc -lc -lsupc++ -lm -specs=nosys.specs -nostartfiles -Xlinker -z -Xlinker muldefs -Xlinker -static -o "dd_scheduler.elf"  ./Static_Code/System/PE_low_level_init.o  ./Sources/BTN.o ./Sources/Events.o ./Sources/GPIO.o ./Sources/MessagePool.o ./Sources/Priority.o ./Sources/Queues.o ./Sources/RGB.o ./Sources/access_functions.o ./Sources/helper_function.o ./Sources/main.o ./Sources/os_tasks.o ./Sources/rtos_main_task.o  ./SDK/rtos/mqx/mqx_stdlib/source/strings/strings.o  ./SDK/rtos/mqx/mqx_stdlib/source/stdio/buf_prv.o ./SDK/rtos/mqx/mqx_stdlib/source/stdio/err.o ./SDK/rtos/mqx/mqx_stdlib/source/stdio/fclose.o ./SDK/rtos/mqx/mqx_stdlib/source/stdio/fflush.o ./SDK/rtos/mqx/mqx_stdlib/source/stdio/fopen.o ./SDK/rtos/mqx/mqx_stdlib/source/stdio/fp_prv.o ./SDK/rtos/mqx/mqx_stdlib/source/stdio/fread.o ./SDK/rtos/mqx/mqx_stdlib/source/stdio/fwrite.o ./SDK/rtos/mqx/mqx_stdlib/source/stdio/get.o ./SDK/rtos/mqx/mqx_stdlib/source/stdio/pos.o ./SDK/rtos/mqx/mqx_stdlib/source/stdio/print.o ./SDK/rtos/mqx/mqx_stdlib/source/stdio/print_prv.o ./SDK/rtos/mqx/mqx_stdlib/source/stdio/put.o ./SDK/rtos/mqx/mqx_stdlib/source/stdio/scan.o ./SDK/rtos/mqx/mqx_stdlib/source/stdio/scan_prv.o ./SDK/rtos/mqx/mqx_stdlib/source/stdio/stdio.o  ./SDK/rtos/mqx/mqx/source/string/str_utos.o ./SDK/rtos/mqx/mqx/source/string/strnlen.o  ./SDK/rtos/mqx/mqx/source/psp/cortex_m/core/M4/boot.o ./SDK/rtos/mqx/mqx/source/psp/cortex_m/core/M4/dispatch.o ./SDK/rtos/mqx/mqx/source/psp/cortex_m/core/M4/support.o  ./SDK/rtos/mqx/mqx/source/psp/cortex_m/compiler/gcc_arm/comp.o  ./SDK/rtos/mqx/mqx/source/psp/cortex_m/cortex.o ./SDK/rtos/mqx/mqx/source/psp/cortex_m/int_gkis.o ./SDK/rtos/mqx/mqx/source/psp/cortex_m/int_kisr.o ./SDK/rtos/mqx/mqx/source/psp/cortex_m/int_pvta.o ./SDK/rtos/mqx/mqx/source/psp/cortex_m/int_unx.o ./SDK/rtos/mqx/mqx/source/psp/cortex_m/int_vtab.o ./SDK/rtos/mqx/mqx/source/psp/cortex_m/int_xcpt.o ./SDK/rtos/mqx/mqx/source/psp/cortex_m/ipsum.o ./SDK/rtos/mqx/mqx/source/psp/cortex_m/mem_copy.o ./SDK/rtos/mqx/mqx/source/psp/cortex_m/mem_zero.o ./SDK/rtos/mqx/mqx/source/psp/cortex_m/nvic.o ./SDK/rtos/mqx/mqx/source/psp/cortex_m/psp_dati.o ./SDK/rtos/mqx/mqx/source/psp/cortex_m/psp_gelms.o ./SDK/rtos/mqx/mqx/source/psp/cortex_m/psp_hoti.o ./SDK/rtos/mqx/mqx/source/psp/cortex_m/psp_iinit.o ./SDK/rtos/mqx/mqx/source/psp/cortex_m/psp_mat1.o ./SDK/rtos/mqx/mqx/source/psp/cortex_m/psp_mat2.o ./SDK/rtos/mqx/mqx/source/psp/cortex_m/psp_mat3.o ./SDK/rtos/mqx/mqx/source/psp/cortex_m/psp_miti.o ./SDK/rtos/mqx/mqx/source/psp/cortex_m/psp_msti.o ./SDK/rtos/mqx/mqx/source/psp/cortex_m/psp_mstiq.o ./SDK/rtos/mqx/mqx/source/psp/cortex_m/psp_nsti.o ./SDK/rtos/mqx/mqx/source/psp/cortex_m/psp_psti.o ./SDK/rtos/mqx/mqx/source/psp/cortex_m/psp_seti.o ./SDK/rtos/mqx/mqx/source/psp/cortex_m/psp_supp.o ./SDK/rtos/mqx/mqx/source/psp/cortex_m/psp_tiad.o ./SDK/rtos/mqx/mqx/source/psp/cortex_m/psp_tida.o ./SDK/rtos/mqx/mqx/source/psp/cortex_m/psp_tihr.o ./SDK/rtos/mqx/mqx/source/psp/cortex_m/psp_timn.o ./SDK/rtos/mqx/mqx/source/psp/cortex_m/psp_tims.o ./SDK/rtos/mqx/mqx/source/psp/cortex_m/psp_tinm.o ./SDK/rtos/mqx/mqx/source/psp/cortex_m/psp_tins.o ./SDK/rtos/mqx/mqx/source/psp/cortex_m/psp_tiol.o ./SDK/rtos/mqx/mqx/source/psp/cortex_m/psp_tipr.o ./SDK/rtos/mqx/mqx/source/psp/cortex_m/psp_tips.o ./SDK/rtos/mqx/mqx/source/psp/cortex_m/psp_tise.o ./SDK/rtos/mqx/mqx/source/psp/cortex_m/psp_tisu.o ./SDK/rtos/mqx/mqx/source/psp/cortex_m/psp_tius.o ./SDK/rtos/mqx/mqx/source/psp/cortex_m/psp_tkti.o ./SDK/rtos/mqx/mqx/source/psp/cortex_m/psp_usti.o ./SDK/rtos/mqx/mqx/source/psp/cortex_m/sc_irdyq.o ./SDK/rtos/mqx/mqx/source/psp/cortex_m/stack_bu.o ./SDK/rtos/mqx/mqx/source/psp/cortex_m/stack_de.o ./SDK/rtos/mqx/mqx/source/psp/cortex_m/stack_st.o  ./SDK/rtos/mqx/mqx/source/nio/src/errno.o ./SDK/rtos/mqx/mqx/source/nio/src/nio.o ./SDK/rtos/mqx/mqx/source/nio/src/nio_posix.o ./SDK/rtos/mqx/mqx/source/nio/src/nio_std_adpt.o  ./SDK/rtos/mqx/mqx/source/nio/fs/fs_supp.o  ./SDK/rtos/mqx/mqx/source/nio/drivers/nio_tty/src/nio_tty.o  ./SDK/rtos/mqx/mqx/source/nio/drivers/nio_serial/src/nio_serial.o  ./SDK/rtos/mqx/mqx/source/nio/drivers/nio_dummy/src/nio_dummy.o  ./SDK/rtos/mqx/mqx/source/kernel/event.o ./SDK/rtos/mqx/mqx/source/kernel/idletask.o ./SDK/rtos/mqx/mqx/source/kernel/inittask.o ./SDK/rtos/mqx/mqx/source/kernel/int.o ./SDK/rtos/mqx/mqx/source/kernel/klog.o ./SDK/rtos/mqx/mqx/source/kernel/log.o ./SDK/rtos/mqx/mqx/source/kernel/lwevent.o ./SDK/rtos/mqx/mqx/source/kernel/lwlog.o ./SDK/rtos/mqx/mqx/source/kernel/lwmem.o ./SDK/rtos/mqx/mqx/source/kernel/lwmsgq.o ./SDK/rtos/mqx/mqx/source/kernel/lwsem.o ./SDK/rtos/mqx/mqx/source/kernel/lwtimer.o ./SDK/rtos/mqx/mqx/source/kernel/mem.o ./SDK/rtos/mqx/mqx/source/kernel/mqx.o ./SDK/rtos/mqx/mqx/source/kernel/msg.o ./SDK/rtos/mqx/mqx/source/kernel/msgpool.o ./SDK/rtos/mqx/mqx/source/kernel/msgq.o ./SDK/rtos/mqx/mqx/source/kernel/mutex.o ./SDK/rtos/mqx/mqx/source/kernel/name.o ./SDK/rtos/mqx/mqx/source/kernel/partition.o ./SDK/rtos/mqx/mqx/source/kernel/queue.o ./SDK/rtos/mqx/mqx/source/kernel/sched.o ./SDK/rtos/mqx/mqx/source/kernel/sem.o ./SDK/rtos/mqx/mqx/source/kernel/task.o ./SDK/rtos/mqx/mqx/source/kernel/taskq.o ./SDK/rtos/mqx/mqx/source/kernel/time.o ./SDK/rtos/mqx/mqx/source/kernel/timer.o ./SDK/rtos/mqx/mqx/source/kernel/tlsf.o ./SDK/rtos/mqx/mqx/source/kernel/tlsf_adaptation.o ./SDK/rtos/mqx/mqx/source/kernel/watchdog.o  ./SDK/rtos/mqx/mqx/source/bsp/init_bsp.o  ./SDK/platform/utilities/src/fsl_debug_console.o ./SDK/platform/utilities/src/fsl_misc_utilities.o ./SDK/platform/utilities/src/print_scan.o  ./SDK/platform/system/src/interrupt/fsl_interrupt_manager.o  ./SDK/platform/system/src/hwtimer/fsl_hwtimer.o ./SDK/platform/system/src/hwtimer/fsl_hwtimer_systick.o  ./SDK/platform/system/src/clock/MK64F12/fsl_clock_MK64F12.o  ./SDK/platform/system/src/clock/fsl_clock_manager.o ./SDK/platform/system/src/clock/fsl_clock_manager_common.o  ./SDK/platform/osa/src/fsl_os_abstraction_mqx.o  ./SDK/platform/hal/src/uart/fsl_uart_hal.o  ./SDK/platform/hal/src/sim/MK64F12/fsl_sim_hal_MK64F12.o  ./SDK/platform/hal/src/rtc/fsl_rtc_hal.o  ./SDK/platform/hal/src/port/fsl_port_hal.o  ./SDK/platform/hal/src/osc/fsl_osc_hal.o  ./SDK/platform/hal/src/mpu/fsl_mpu_hal.o  ./SDK/platform/hal/src/mcg/fsl_mcg_hal.o ./SDK/platform/hal/src/mcg/fsl_mcg_hal_modes.o  ./SDK/platform/hal/src/gpio/fsl_gpio_hal.o  ./SDK/platform/drivers/src/uart/fsl_uart_common.o ./SDK/platform/drivers/src/uart/fsl_uart_driver.o  ./SDK/platform/drivers/src/rtc/fsl_rtc_common.o  ./SDK/platform/drivers/src/mpu/fsl_mpu_common.o ./SDK/platform/drivers/src/mpu/fsl_mpu_driver.o  ./SDK/platform/drivers/src/gpio/fsl_gpio_common.o ./SDK/platform/drivers/src/gpio/fsl_gpio_driver.o  ./SDK/platform/devices/MK64F12/startup/gcc/startup_MK64F12.o  ./SDK/platform/devices/MK64F12/startup/system_MK64F12.o  ./SDK/platform/devices/startup.o  ./Generated_Code/Cpu.o ./Generated_Code/DD_Generator.o ./Generated_Code/DD_Idle.o ./Generated_Code/DD_Monitor.o ./Generated_Code/DD_Scheduler.o ./Generated_Code/DD_User.o ./Generated_Code/MainTask.o ./Generated_Code/clockMan1.o ./Generated_Code/fsl_hwtimer1.o ./Generated_Code/fsl_mpu1.o ./Generated_Code/gpio1.o ./Generated_Code/hardware_init.o ./Generated_Code/mqx_ksdk.o ./Generated_Code/osa1.o ./Generated_Code/pin_init.o ./Generated_Code/uart1.o   
Finished building target: dd_scheduler.elf
 
Invoking: Cross ARM GNU Print Size
arm-none-eabi-size --format=berkeley "dd_scheduler.elf"
   text	   data	    bss	    dec	    hex	filename
  71468	   2288	   3484	  77240	  12db8	dd_scheduler.elf
Finished building: dd_scheduler.siz
 
09:51:36 **** Incremental Build of configuration Debug for project dd_scheduler ****
make all 
Building file: ../Sources/MessagePool.c
Invoking: Cross ARM C Compiler
arm-none-eabi-gcc -mcpu=cortex-m4 -mthumb -mfloat-abi=hard -mfpu=fpv4-sp-d16 -O0 -fmessage-length=0 -fsigned-char -ffunction-sections -fdata-sections -Wall  -g3 -D"CPU_MK64FN1M0VLL12" -D"FSL_RTOS_MQX" -D"PEX_MQX_KSDK" -I"C:/project3-colton/dd_scheduler/SDK/platform/hal/inc" -I"C:/project3-colton/dd_scheduler/SDK/platform/hal/src/sim/MK64F12" -I"C:/project3-colton/dd_scheduler/SDK/platform/system/src/clock/MK64F12" -I"C:/project3-colton/dd_scheduler/SDK/platform/system/inc" -I"C:/project3-colton/dd_scheduler/SDK/platform/osa/inc" -I"C:/project3-colton/dd_scheduler/SDK/platform/CMSIS/Include" -I"C:/project3-colton/dd_scheduler/SDK/platform/devices" -I"C:/project3-colton/dd_scheduler/SDK/platform/devices/MK64F12/include" -I"C:/project3-colton/dd_scheduler/SDK/platform/utilities/src" -I"C:/project3-colton/dd_scheduler/SDK/platform/utilities/inc" -I"C:/project3-colton/dd_scheduler/SDK/platform/devices/MK64F12/startup" -I"C:/project3-colton/dd_scheduler/Generated_Code/SDK/platform/devices/MK64F12/startup" -I"C:/project3-colton/dd_scheduler/Sources" -I"C:/project3-colton/dd_scheduler/Generated_Code" -I"C:/project3-colton/dd_scheduler/SDK/platform/drivers/inc" -I"C:/project3-colton/dd_scheduler/SDK/rtos/mqx/mqx/source/psp/cortex_m" -I"C:/project3-colton/dd_scheduler/SDK/rtos/mqx/mqx/source/psp/cortex_m/cpu" -I"C:/project3-colton/dd_scheduler/SDK/rtos/mqx/config/common" -I"C:/project3-colton/dd_scheduler/SDK/rtos/mqx/mqx/source/include" -I"C:/project3-colton/dd_scheduler/SDK/rtos/mqx/mqx/source/bsp" -I"C:/project3-colton/dd_scheduler/SDK/rtos/mqx/mqx/source/psp/cortex_m/compiler/gcc_arm" -I"C:/project3-colton/dd_scheduler/SDK/rtos/mqx/mqx/source/nio" -I"C:/project3-colton/dd_scheduler/SDK/rtos/mqx/mqx/source/nio/src" -I"C:/project3-colton/dd_scheduler/SDK/rtos/mqx/mqx/source/nio/fs" -I"C:/project3-colton/dd_scheduler/SDK/rtos/mqx/mqx/source/nio/drivers/nio_dummy" -I"C:/project3-colton/dd_scheduler/SDK/rtos/mqx/mqx/source/nio/drivers/nio_serial" -I"C:/project3-colton/dd_scheduler/SDK/rtos/mqx/mqx/source/nio/drivers/nio_tty" -I"C:/project3-colton/dd_scheduler/SDK/rtos/mqx/mqx_stdlib/source/include" -I"C:/project3-colton/dd_scheduler/SDK/rtos/mqx/mqx_stdlib/source/stdio" -I"C:/project3-colton/dd_scheduler/SDK/platform/hal/src/uart" -I"C:/project3-colton/dd_scheduler/SDK/platform/drivers/src/uart" -I"C:/project3-colton/dd_scheduler/Generated_Code/SDK/rtos/mqx/config/board" -I"C:/project3-colton/dd_scheduler/Generated_Code/SDK/rtos/mqx/config/mcu" -include"C:\project3-colton\dd_scheduler\SDK\rtos\mqx\mqx\source\psp\cortex_m\psptypes.h" -std=c99 -MMD -MP -MF"Sources/MessagePool.d" -MT"Sources/MessagePool.o" -c -o "Sources/MessagePool.o" "../Sources/MessagePool.c"
../Sources/MessagePool.c: In function 'msgpop':
../Sources/MessagePool.c:76:2: warning: pointer targets in passing argument 1 of 'strcpy' differ in signedness [-Wpointer-sign]
  strcpy(msg_ptr->DATA, (UCHAR_PTR)data);
  ^
In file included from c:\freescale\kds_v3\toolchain\arm-none-eabi\include\stdlib.h:11:0,
                 from C:/project3-colton/dd_scheduler/SDK/platform/devices/MK64F12/include/fsl_bitaccess.h:80,
                 from C:/project3-colton/dd_scheduler/SDK/platform/devices/MK64F12/include/MK64F12_extension.h:92,
                 from C:/project3-colton/dd_scheduler/SDK/platform/devices/fsl_device_registers.h:343,
                 from C:/project3-colton/dd_scheduler/SDK/rtos/mqx/mqx/source/include/mqx_cpudef.h:30,
                 from C:/project3-colton/dd_scheduler/SDK/rtos/mqx/mqx/source/psp/cortex_m/psp_comp.h:33,
                 from C:/project3-colton/dd_scheduler/SDK/rtos/mqx/mqx/source/include/mqx.h:90,
                 from ../Sources/MessagePool.h:11,
                 from ../Sources/MessagePool.c:7:
c:\freescale\kds_v3\toolchain\arm-none-eabi\include\string.h:30:8: note: expected 'char * restrict' but argument is of type 'unsigned char *'
 char  *_EXFUN(strcpy,(char *__restrict, const char *__restrict));
        ^
../Sources/MessagePool.c:76:2: warning: pointer targets in passing argument 2 of 'strcpy' differ in signedness [-Wpointer-sign]
  strcpy(msg_ptr->DATA, (UCHAR_PTR)data);
  ^
In file included from c:\freescale\kds_v3\toolchain\arm-none-eabi\include\stdlib.h:11:0,
                 from C:/project3-colton/dd_scheduler/SDK/platform/devices/MK64F12/include/fsl_bitaccess.h:80,
                 from C:/project3-colton/dd_scheduler/SDK/platform/devices/MK64F12/include/MK64F12_extension.h:92,
                 from C:/project3-colton/dd_scheduler/SDK/platform/devices/fsl_device_registers.h:343,
                 from C:/project3-colton/dd_scheduler/SDK/rtos/mqx/mqx/source/include/mqx_cpudef.h:30,
                 from C:/project3-colton/dd_scheduler/SDK/rtos/mqx/mqx/source/psp/cortex_m/psp_comp.h:33,
                 from C:/project3-colton/dd_scheduler/SDK/rtos/mqx/mqx/source/include/mqx.h:90,
                 from ../Sources/MessagePool.h:11,
                 from ../Sources/MessagePool.c:7:
c:\freescale\kds_v3\toolchain\arm-none-eabi\include\string.h:30:8: note: expected 'const char * restrict' but argument is of type 'unsigned char *'
 char  *_EXFUN(strcpy,(char *__restrict, const char *__restrict));
        ^
../Sources/MessagePool.c: In function 'msgreceivetimeout':
../Sources/MessagePool.c:125:3: warning: implicit declaration of function 'println' [-Wimplicit-function-declaration]
   println("MSGNULL");
   ^
Finished building: ../Sources/MessagePool.c
 
Building file: ../Sources/access_functions.c
Invoking: Cross ARM C Compiler
arm-none-eabi-gcc -mcpu=cortex-m4 -mthumb -mfloat-abi=hard -mfpu=fpv4-sp-d16 -O0 -fmessage-length=0 -fsigned-char -ffunction-sections -fdata-sections -Wall  -g3 -D"CPU_MK64FN1M0VLL12" -D"FSL_RTOS_MQX" -D"PEX_MQX_KSDK" -I"C:/project3-colton/dd_scheduler/SDK/platform/hal/inc" -I"C:/project3-colton/dd_scheduler/SDK/platform/hal/src/sim/MK64F12" -I"C:/project3-colton/dd_scheduler/SDK/platform/system/src/clock/MK64F12" -I"C:/project3-colton/dd_scheduler/SDK/platform/system/inc" -I"C:/project3-colton/dd_scheduler/SDK/platform/osa/inc" -I"C:/project3-colton/dd_scheduler/SDK/platform/CMSIS/Include" -I"C:/project3-colton/dd_scheduler/SDK/platform/devices" -I"C:/project3-colton/dd_scheduler/SDK/platform/devices/MK64F12/include" -I"C:/project3-colton/dd_scheduler/SDK/platform/utilities/src" -I"C:/project3-colton/dd_scheduler/SDK/platform/utilities/inc" -I"C:/project3-colton/dd_scheduler/SDK/platform/devices/MK64F12/startup" -I"C:/project3-colton/dd_scheduler/Generated_Code/SDK/platform/devices/MK64F12/startup" -I"C:/project3-colton/dd_scheduler/Sources" -I"C:/project3-colton/dd_scheduler/Generated_Code" -I"C:/project3-colton/dd_scheduler/SDK/platform/drivers/inc" -I"C:/project3-colton/dd_scheduler/SDK/rtos/mqx/mqx/source/psp/cortex_m" -I"C:/project3-colton/dd_scheduler/SDK/rtos/mqx/mqx/source/psp/cortex_m/cpu" -I"C:/project3-colton/dd_scheduler/SDK/rtos/mqx/config/common" -I"C:/project3-colton/dd_scheduler/SDK/rtos/mqx/mqx/source/include" -I"C:/project3-colton/dd_scheduler/SDK/rtos/mqx/mqx/source/bsp" -I"C:/project3-colton/dd_scheduler/SDK/rtos/mqx/mqx/source/psp/cortex_m/compiler/gcc_arm" -I"C:/project3-colton/dd_scheduler/SDK/rtos/mqx/mqx/source/nio" -I"C:/project3-colton/dd_scheduler/SDK/rtos/mqx/mqx/source/nio/src" -I"C:/project3-colton/dd_scheduler/SDK/rtos/mqx/mqx/source/nio/fs" -I"C:/project3-colton/dd_scheduler/SDK/rtos/mqx/mqx/source/nio/drivers/nio_dummy" -I"C:/project3-colton/dd_scheduler/SDK/rtos/mqx/mqx/source/nio/drivers/nio_serial" -I"C:/project3-colton/dd_scheduler/SDK/rtos/mqx/mqx/source/nio/drivers/nio_tty" -I"C:/project3-colton/dd_scheduler/SDK/rtos/mqx/mqx_stdlib/source/include" -I"C:/project3-colton/dd_scheduler/SDK/rtos/mqx/mqx_stdlib/source/stdio" -I"C:/project3-colton/dd_scheduler/SDK/platform/hal/src/uart" -I"C:/project3-colton/dd_scheduler/SDK/platform/drivers/src/uart" -I"C:/project3-colton/dd_scheduler/Generated_Code/SDK/rtos/mqx/config/board" -I"C:/project3-colton/dd_scheduler/Generated_Code/SDK/rtos/mqx/config/mcu" -include"C:\project3-colton\dd_scheduler\SDK\rtos\mqx\mqx\source\psp\cortex_m\psptypes.h" -std=c99 -MMD -MP -MF"Sources/access_functions.d" -MT"Sources/access_functions.o" -c -o "Sources/access_functions.o" "../Sources/access_functions.c"
In file included from ../Sources/access_functions.c:11:0:
../Sources/Priority.h: In function 'priorityget':
../Sources/Priority.h:17:12: warning: unused variable 'RETURNCODE' [-Wunused-variable]
  _mqx_uint RETURNCODE = _task_get_priority(_task_get_id(),&priority);
            ^
../Sources/Priority.h: In function 'priorityset':
../Sources/Priority.h:23:12: warning: unused variable 'RETURNCODE' [-Wunused-variable]
  _mqx_uint RETURNCODE = _task_set_priority(_task_get_id(),PRIORITY_OSA_TO_RTOS(newpriority),&oldpriority);
            ^
../Sources/Priority.h: In function 'prioritysettask':
../Sources/Priority.h:28:12: warning: unused variable 'RETURNCODE' [-Wunused-variable]
  _mqx_uint RETURNCODE = _task_set_priority(taskid,PRIORITY_OSA_TO_RTOS(newpriority),&oldpriority);
            ^
../Sources/access_functions.c: In function 'dd_tcreate':
../Sources/access_functions.c:51:2: warning: pointer targets in passing argument 1 of 'strcmp' differ in signedness [-Wpointer-sign]
  if (strcmp(msg_ptr->DATA, TaskCreatedString) == 0) {
  ^
[...]
source/psp/cortex_m/core/M4/dispatch.o ./SDK/rtos/mqx/mqx/source/psp/cortex_m/core/M4/support.o  ./SDK/rtos/mqx/mqx/source/psp/cortex_m/compiler/gcc_arm/comp.o  ./SDK/rtos/mqx/mqx/source/psp/cortex_m/cortex.o ./SDK/rtos/mqx/mqx/source/psp/cortex_m/int_gkis.o ./SDK/rtos/mqx/mqx/source/psp/cortex_m/int_kisr.o ./SDK/rtos/mqx/mqx/source/psp/cortex_m/int_pvta.o ./SDK/rtos/mqx/mqx/source/psp/cortex_m/int_unx.o ./SDK/rtos/mqx/mqx/source/psp/cortex_m/int_vtab.o ./SDK/rtos/mqx/mqx/source/psp/cortex_m/int_xcpt.o ./SDK/rtos/mqx/mqx/source/psp/cortex_m/ipsum.o ./SDK/rtos/mqx/mqx/source/psp/cortex_m/mem_copy.o ./SDK/rtos/mqx/mqx/source/psp/cortex_m/mem_zero.o ./SDK/rtos/mqx/mqx/source/psp/cortex_m/nvic.o ./SDK/rtos/mqx/mqx/source/psp/cortex_m/psp_dati.o ./SDK/rtos/mqx/mqx/source/psp/cortex_m/psp_gelms.o ./SDK/rtos/mqx/mqx/source/psp/cortex_m/psp_hoti.o ./SDK/rtos/mqx/mqx/source/psp/cortex_m/psp_iinit.o ./SDK/rtos/mqx/mqx/source/psp/cortex_m/psp_mat1.o ./SDK/rtos/mqx/mqx/source/psp/cortex_m/psp_mat2.o ./SDK/rtos/mqx/mqx/source/psp/cortex_m/psp_mat3.o ./SDK/rtos/mqx/mqx/source/psp/cortex_m/psp_miti.o ./SDK/rtos/mqx/mqx/source/psp/cortex_m/psp_msti.o ./SDK/rtos/mqx/mqx/source/psp/cortex_m/psp_mstiq.o ./SDK/rtos/mqx/mqx/source/psp/cortex_m/psp_nsti.o ./SDK/rtos/mqx/mqx/source/psp/cortex_m/psp_psti.o ./SDK/rtos/mqx/mqx/source/psp/cortex_m/psp_seti.o ./SDK/rtos/mqx/mqx/source/psp/cortex_m/psp_supp.o ./SDK/rtos/mqx/mqx/source/psp/cortex_m/psp_tiad.o ./SDK/rtos/mqx/mqx/source/psp/cortex_m/psp_tida.o ./SDK/rtos/mqx/mqx/source/psp/cortex_m/psp_tihr.o ./SDK/rtos/mqx/mqx/source/psp/cortex_m/psp_timn.o ./SDK/rtos/mqx/mqx/source/psp/cortex_m/psp_tims.o ./SDK/rtos/mqx/mqx/source/psp/cortex_m/psp_tinm.o ./SDK/rtos/mqx/mqx/source/psp/cortex_m/psp_tins.o ./SDK/rtos/mqx/mqx/source/psp/cortex_m/psp_tiol.o ./SDK/rtos/mqx/mqx/source/psp/cortex_m/psp_tipr.o ./SDK/rtos/mqx/mqx/source/psp/cortex_m/psp_tips.o ./SDK/rtos/mqx/mqx/source/psp/cortex_m/psp_tise.o ./SDK/rtos/mqx/mqx/source/psp/cortex_m/psp_tisu.o ./SDK/rtos/mqx/mqx/source/psp/cortex_m/psp_tius.o ./SDK/rtos/mqx/mqx/source/psp/cortex_m/psp_tkti.o ./SDK/rtos/mqx/mqx/source/psp/cortex_m/psp_usti.o ./SDK/rtos/mqx/mqx/source/psp/cortex_m/sc_irdyq.o ./SDK/rtos/mqx/mqx/source/psp/cortex_m/stack_bu.o ./SDK/rtos/mqx/mqx/source/psp/cortex_m/stack_de.o ./SDK/rtos/mqx/mqx/source/psp/cortex_m/stack_st.o  ./SDK/rtos/mqx/mqx/source/nio/src/errno.o ./SDK/rtos/mqx/mqx/source/nio/src/nio.o ./SDK/rtos/mqx/mqx/source/nio/src/nio_posix.o ./SDK/rtos/mqx/mqx/source/nio/src/nio_std_adpt.o  ./SDK/rtos/mqx/mqx/source/nio/fs/fs_supp.o  ./SDK/rtos/mqx/mqx/source/nio/drivers/nio_tty/src/nio_tty.o  ./SDK/rtos/mqx/mqx/source/nio/drivers/nio_serial/src/nio_serial.o  ./SDK/rtos/mqx/mqx/source/nio/drivers/nio_dummy/src/nio_dummy.o  ./SDK/rtos/mqx/mqx/source/kernel/event.o ./SDK/rtos/mqx/mqx/source/kernel/idletask.o ./SDK/rtos/mqx/mqx/source/kernel/inittask.o ./SDK/rtos/mqx/mqx/source/kernel/int.o ./SDK/rtos/mqx/mqx/source/kernel/klog.o ./SDK/rtos/mqx/mqx/source/kernel/log.o ./SDK/rtos/mqx/mqx/source/kernel/lwevent.o ./SDK/rtos/mqx/mqx/source/kernel/lwlog.o ./SDK/rtos/mqx/mqx/source/kernel/lwmem.o ./SDK/rtos/mqx/mqx/source/kernel/lwmsgq.o ./SDK/rtos/mqx/mqx/source/kernel/lwsem.o ./SDK/rtos/mqx/mqx/source/kernel/lwtimer.o ./SDK/rtos/mqx/mqx/source/kernel/mem.o ./SDK/rtos/mqx/mqx/source/kernel/mqx.o ./SDK/rtos/mqx/mqx/source/kernel/msg.o ./SDK/rtos/mqx/mqx/source/kernel/msgpool.o ./SDK/rtos/mqx/mqx/source/kernel/msgq.o ./SDK/rtos/mqx/mqx/source/kernel/mutex.o ./SDK/rtos/mqx/mqx/source/kernel/name.o ./SDK/rtos/mqx/mqx/source/kernel/partition.o ./SDK/rtos/mqx/mqx/source/kernel/queue.o ./SDK/rtos/mqx/mqx/source/kernel/sched.o ./SDK/rtos/mqx/mqx/source/kernel/sem.o ./SDK/rtos/mqx/mqx/source/kernel/task.o ./SDK/rtos/mqx/mqx/source/kernel/taskq.o ./SDK/rtos/mqx/mqx/source/kernel/time.o ./SDK/rtos/mqx/mqx/source/kernel/timer.o ./SDK/rtos/mqx/mqx/source/kernel/tlsf.o ./SDK/rtos/mqx/mqx/source/kernel/tlsf_adaptation.o ./SDK/rtos/mqx/mqx/source/kernel/watchdog.o  ./SDK/rtos/mqx/mqx/source/bsp/init_bsp.o  ./SDK/platform/utilities/src/fsl_debug_console.o ./SDK/platform/utilities/src/fsl_misc_utilities.o ./SDK/platform/utilities/src/print_scan.o  ./SDK/platform/system/src/interrupt/fsl_interrupt_manager.o  ./SDK/platform/system/src/hwtimer/fsl_hwtimer.o ./SDK/platform/system/src/hwtimer/fsl_hwtimer_systick.o  ./SDK/platform/system/src/clock/MK64F12/fsl_clock_MK64F12.o  ./SDK/platform/system/src/clock/fsl_clock_manager.o ./SDK/platform/system/src/clock/fsl_clock_manager_common.o  ./SDK/platform/osa/src/fsl_os_abstraction_mqx.o  ./SDK/platform/hal/src/uart/fsl_uart_hal.o  ./SDK/platform/hal/src/sim/MK64F12/fsl_sim_hal_MK64F12.o  ./SDK/platform/hal/src/rtc/fsl_rtc_hal.o  ./SDK/platform/hal/src/port/fsl_port_hal.o  ./SDK/platform/hal/src/osc/fsl_osc_hal.o  ./SDK/platform/hal/src/mpu/fsl_mpu_hal.o  ./SDK/platform/hal/src/mcg/fsl_mcg_hal.o ./SDK/platform/hal/src/mcg/fsl_mcg_hal_modes.o  ./SDK/platform/hal/src/gpio/fsl_gpio_hal.o  ./SDK/platform/drivers/src/uart/fsl_uart_common.o ./SDK/platform/drivers/src/uart/fsl_uart_driver.o  ./SDK/platform/drivers/src/rtc/fsl_rtc_common.o  ./SDK/platform/drivers/src/mpu/fsl_mpu_common.o ./SDK/platform/drivers/src/mpu/fsl_mpu_driver.o  ./SDK/platform/drivers/src/gpio/fsl_gpio_common.o ./SDK/platform/drivers/src/gpio/fsl_gpio_driver.o  ./SDK/platform/devices/MK64F12/startup/gcc/startup_MK64F12.o  ./SDK/platform/devices/MK64F12/startup/system_MK64F12.o  ./SDK/platform/devices/startup.o  ./Generated_Code/Cpu.o ./Generated_Code/DD_Generator.o ./Generated_Code/DD_Idle.o ./Generated_Code/DD_Monitor.o ./Generated_Code/DD_Scheduler.o ./Generated_Code/DD_User.o ./Generated_Code/MainTask.o ./Generated_Code/clockMan1.o ./Generated_Code/fsl_hwtimer1.o ./Generated_Code/fsl_mpu1.o ./Generated_Code/gpio1.o ./Generated_Code/hardware_init.o ./Generated_Code/mqx_ksdk.o ./Generated_Code/osa1.o ./Generated_Code/pin_init.o ./Generated_Code/uart1.o   
Finished building target: dd_scheduler.elf
 
Invoking: Cross ARM GNU Print Size
arm-none-eabi-size --format=berkeley "dd_scheduler.elf"
   text	   data	    bss	    dec	    hex	filename
  71816	   2288	   3492	  77596	  12f1c	dd_scheduler.elf
Finished building: dd_scheduler.siz
 
11:44:51 **** Incremental Build of configuration Debug for project dd_scheduler ****
make all 
Building file: ../Sources/helper_function.c
Invoking: Cross ARM C Compiler
arm-none-eabi-gcc -mcpu=cortex-m4 -mthumb -mfloat-abi=hard -mfpu=fpv4-sp-d16 -O0 -fmessage-length=0 -fsigned-char -ffunction-sections -fdata-sections -Wall  -g3 -D"CPU_MK64FN1M0VLL12" -D"FSL_RTOS_MQX" -D"PEX_MQX_KSDK" -I"C:/project3-colton/dd_scheduler/SDK/platform/hal/inc" -I"C:/project3-colton/dd_scheduler/SDK/platform/hal/src/sim/MK64F12" -I"C:/project3-colton/dd_scheduler/SDK/platform/system/src/clock/MK64F12" -I"C:/project3-colton/dd_scheduler/SDK/platform/system/inc" -I"C:/project3-colton/dd_scheduler/SDK/platform/osa/inc" -I"C:/project3-colton/dd_scheduler/SDK/platform/CMSIS/Include" -I"C:/project3-colton/dd_scheduler/SDK/platform/devices" -I"C:/project3-colton/dd_scheduler/SDK/platform/devices/MK64F12/include" -I"C:/project3-colton/dd_scheduler/SDK/platform/utilities/src" -I"C:/project3-colton/dd_scheduler/SDK/platform/utilities/inc" -I"C:/project3-colton/dd_scheduler/SDK/platform/devices/MK64F12/startup" -I"C:/project3-colton/dd_scheduler/Generated_Code/SDK/platform/devices/MK64F12/startup" -I"C:/project3-colton/dd_scheduler/Sources" -I"C:/project3-colton/dd_scheduler/Generated_Code" -I"C:/project3-colton/dd_scheduler/SDK/platform/drivers/inc" -I"C:/project3-colton/dd_scheduler/SDK/rtos/mqx/mqx/source/psp/cortex_m" -I"C:/project3-colton/dd_scheduler/SDK/rtos/mqx/mqx/source/psp/cortex_m/cpu" -I"C:/project3-colton/dd_scheduler/SDK/rtos/mqx/config/common" -I"C:/project3-colton/dd_scheduler/SDK/rtos/mqx/mqx/source/include" -I"C:/project3-colton/dd_scheduler/SDK/rtos/mqx/mqx/source/bsp" -I"C:/project3-colton/dd_scheduler/SDK/rtos/mqx/mqx/source/psp/cortex_m/compiler/gcc_arm" -I"C:/project3-colton/dd_scheduler/SDK/rtos/mqx/mqx/source/nio" -I"C:/project3-colton/dd_scheduler/SDK/rtos/mqx/mqx/source/nio/src" -I"C:/project3-colton/dd_scheduler/SDK/rtos/mqx/mqx/source/nio/fs" -I"C:/project3-colton/dd_scheduler/SDK/rtos/mqx/mqx/source/nio/drivers/nio_dummy" -I"C:/project3-colton/dd_scheduler/SDK/rtos/mqx/mqx/source/nio/drivers/nio_serial" -I"C:/project3-colton/dd_scheduler/SDK/rtos/mqx/mqx/source/nio/drivers/nio_tty" -I"C:/project3-colton/dd_scheduler/SDK/rtos/mqx/mqx_stdlib/source/include" -I"C:/project3-colton/dd_scheduler/SDK/rtos/mqx/mqx_stdlib/source/stdio" -I"C:/project3-colton/dd_scheduler/SDK/platform/hal/src/uart" -I"C:/project3-colton/dd_scheduler/SDK/platform/drivers/src/uart" -I"C:/project3-colton/dd_scheduler/Generated_Code/SDK/rtos/mqx/config/board" -I"C:/project3-colton/dd_scheduler/Generated_Code/SDK/rtos/mqx/config/mcu" -include"C:\project3-colton\dd_scheduler\SDK\rtos\mqx\mqx\source\psp\cortex_m\psptypes.h" -std=c99 -MMD -MP -MF"Sources/helper_function.d" -MT"Sources/helper_function.o" -c -o "Sources/helper_function.o" "../Sources/helper_function.c"
Finished building: ../Sources/helper_function.c
 
Building file: ../Sources/os_tasks.c
Invoking: Cross ARM C Compiler
arm-none-eabi-gcc -mcpu=cortex-m4 -mthumb -mfloat-abi=hard -mfpu=fpv4-sp-d16 -O0 -fmessage-length=0 -fsigned-char -ffunction-sections -fdata-sections -Wall  -g3 -D"CPU_MK64FN1M0VLL12" -D"FSL_RTOS_MQX" -D"PEX_MQX_KSDK" -I"C:/project3-colton/dd_scheduler/SDK/platform/hal/inc" -I"C:/project3-colton/dd_scheduler/SDK/platform/hal/src/sim/MK64F12" -I"C:/project3-colton/dd_scheduler/SDK/platform/system/src/clock/MK64F12" -I"C:/project3-colton/dd_scheduler/SDK/platform/system/inc" -I"C:/project3-colton/dd_scheduler/SDK/platform/osa/inc" -I"C:/project3-colton/dd_scheduler/SDK/platform/CMSIS/Include" -I"C:/project3-colton/dd_scheduler/SDK/platform/devices" -I"C:/project3-colton/dd_scheduler/SDK/platform/devices/MK64F12/include" -I"C:/project3-colton/dd_scheduler/SDK/platform/utilities/src" -I"C:/project3-colton/dd_scheduler/SDK/platform/utilities/inc" -I"C:/project3-colton/dd_scheduler/SDK/platform/devices/MK64F12/startup" -I"C:/project3-colton/dd_scheduler/Generated_Code/SDK/platform/devices/MK64F12/startup" -I"C:/project3-colton/dd_scheduler/Sources" -I"C:/project3-colton/dd_scheduler/Generated_Code" -I"C:/project3-colton/dd_scheduler/SDK/platform/drivers/inc" -I"C:/project3-colton/dd_scheduler/SDK/rtos/mqx/mqx/source/psp/cortex_m" -I"C:/project3-colton/dd_scheduler/SDK/rtos/mqx/mqx/source/psp/cortex_m/cpu" -I"C:/project3-colton/dd_scheduler/SDK/rtos/mqx/config/common" -I"C:/project3-colton/dd_scheduler/SDK/rtos/mqx/mqx/source/include" -I"C:/project3-colton/dd_scheduler/SDK/rtos/mqx/mqx/source/bsp" -I"C:/project3-colton/dd_scheduler/SDK/rtos/mqx/mqx/source/psp/cortex_m/compiler/gcc_arm" -I"C:/project3-colton/dd_scheduler/SDK/rtos/mqx/mqx/source/nio" -I"C:/project3-colton/dd_scheduler/SDK/rtos/mqx/mqx/source/nio/src" -I"C:/project3-colton/dd_scheduler/SDK/rtos/mqx/mqx/source/nio/fs" -I"C:/project3-colton/dd_scheduler/SDK/rtos/mqx/mqx/source/nio/drivers/nio_dummy" -I"C:/project3-colton/dd_scheduler/SDK/rtos/mqx/mqx/source/nio/drivers/nio_serial" -I"C:/project3-colton/dd_scheduler/SDK/rtos/mqx/mqx/source/nio/drivers/nio_tty" -I"C:/project3-colton/dd_scheduler/SDK/rtos/mqx/mqx_stdlib/source/include" -I"C:/project3-colton/dd_scheduler/SDK/rtos/mqx/mqx_stdlib/source/stdio" -I"C:/project3-colton/dd_scheduler/SDK/platform/hal/src/uart" -I"C:/project3-colton/dd_scheduler/SDK/platform/drivers/src/uart" -I"C:/project3-colton/dd_scheduler/Generated_Code/SDK/rtos/mqx/config/board" -I"C:/project3-colton/dd_scheduler/Generated_Code/SDK/rtos/mqx/config/mcu" -include"C:\project3-colton\dd_scheduler\SDK\rtos\mqx\mqx\source\psp\cortex_m\psptypes.h" -std=c99 -MMD -MP -MF"Sources/os_tasks.d" -MT"Sources/os_tasks.o" -c -o "Sources/os_tasks.o" "../Sources/os_tasks.c"
Finished building: ../Sources/os_tasks.c
 
Building target: dd_scheduler.elf
Invoking: Cross ARM C++ Linker
arm-none-eabi-g++ -mcpu=cortex-m4 -mthumb -mfloat-abi=hard -mfpu=fpv4-sp-d16 -O0 -fmessage-length=0 -fsigned-char -ffunction-sections -fdata-sections -Wall  -g3 -T "C:/project3-colton/dd_scheduler/Project_Settings/Linker_Files/ProcessorExpert.ld" -Xlinker --gc-sections -L"C:/project3-colton/dd_scheduler/Project_Settings/Linker_Files" -Wl,-Map,"dd_scheduler.map" -lgcc -lc -lsupc++ -lm -specs=nosys.specs -nostartfiles -Xlinker -z -Xlinker muldefs -Xlinker -static -o "dd_scheduler.elf"  ./Static_Code/System/PE_low_level_init.o  ./Sources/BTN.o ./Sources/Events.o ./Sources/GPIO.o ./Sources/MessagePool.o ./Sources/Priority.o ./Sources/Queues.o ./Sources/RGB.o ./Sources/access_functions.o ./Sources/helper_function.o ./Sources/main.o ./Sources/os_tasks.o ./Sources/rtos_main_task.o  ./SDK/rtos/mqx/mqx_stdlib/source/strings/strings.o  ./SDK/rtos/mqx/mqx_stdlib/source/stdio/buf_prv.o ./SDK/rtos/mqx/mqx_stdlib/source/stdio/err.o ./SDK/rtos/mqx/mqx_stdlib/source/stdio/fclose.o ./SDK/rtos/mqx/mqx_stdlib/source/stdio/fflush.o ./SDK/rtos/mqx/mqx_stdlib/source/stdio/fopen.o ./SDK/rtos/mqx/mqx_stdlib/source/stdio/fp_prv.o ./SDK/rtos/mqx/mqx_stdlib/source/stdio/fread.o ./SDK/rtos/mqx/mqx_stdlib/source/stdio/fwrite.o ./SDK/rtos/mqx/mqx_stdlib/source/stdio/get.o ./SDK/rtos/mqx/mqx_stdlib/source/stdio/pos.o ./SDK/rtos/mqx/mqx_stdlib/source/stdio/print.o ./SDK/rtos/mqx/mqx_stdlib/source/stdio/print_prv.o ./SDK/rtos/mqx/mqx_stdlib/source/stdio/put.o ./SDK/rtos/mqx/mqx_stdlib/source/stdio/scan.o ./SDK/rtos/mqx/mqx_stdlib/source/stdio/scan_prv.o ./SDK/rtos/mqx/mqx_stdlib/source/stdio/stdio.o  ./SDK/rtos/mqx/mqx/source/string/str_utos.o ./SDK/rtos/mqx/mqx/source/string/strnlen.o  ./SDK/rtos/mqx/mqx/source/psp/cortex_m/core/M4/boot.o ./SDK/rtos/mqx/mqx/source/psp/cortex_m/core/M4/dispatch.o ./SDK/rtos/mqx/mqx/source/psp/cortex_m/core/M4/support.o  ./SDK/rtos/mqx/mqx/source/psp/cortex_m/compiler/gcc_arm/comp.o  ./SDK/rtos/mqx/mqx/source/psp/cortex_m/cortex.o ./SDK/rtos/mqx/mqx/source/psp/cortex_m/int_gkis.o ./SDK/rtos/mqx/mqx/source/psp/cortex_m/int_kisr.o ./SDK/rtos/mqx/mqx/source/psp/cortex_m/int_pvta.o ./SDK/rtos/mqx/mqx/source/psp/cortex_m/int_unx.o ./SDK/rtos/mqx/mqx/source/psp/cortex_m/int_vtab.o ./SDK/rtos/mqx/mqx/source/psp/cortex_m/int_xcpt.o ./SDK/rtos/mqx/mqx/source/psp/cortex_m/ipsum.o ./SDK/rtos/mqx/mqx/source/psp/cortex_m/mem_copy.o ./SDK/rtos/mqx/mqx/source/psp/cortex_m/mem_zero.o ./SDK/rtos/mqx/mqx/source/psp/cortex_m/nvic.o ./SDK/rtos/mqx/mqx/source/psp/cortex_m/psp_dati.o ./SDK/rtos/mqx/mqx/source/psp/cortex_m/psp_gelms.o ./SDK/rtos/mqx/mqx/source/psp/cortex_m/psp_hoti.o ./SDK/rtos/mqx/mqx/source/psp/cortex_m/psp_iinit.o ./SDK/rtos/mqx/mqx/source/psp/cortex_m/psp_mat1.o ./SDK/rtos/mqx/mqx/source/psp/cortex_m/psp_mat2.o ./SDK/rtos/mqx/mqx/source/psp/cortex_m/psp_mat3.o ./SDK/rtos/mqx/mqx/source/psp/cortex_m/psp_miti.o ./SDK/rtos/mqx/mqx/source/psp/cortex_m/psp_msti.o ./SDK/rtos/mqx/mqx/source/psp/cortex_m/psp_mstiq.o ./SDK/rtos/mqx/mqx/source/psp/cortex_m/psp_nsti.o ./SDK/rtos/mqx/mqx/source/psp/cortex_m/psp_psti.o ./SDK/rtos/mqx/mqx/source/psp/cortex_m/psp_seti.o ./SDK/rtos/mqx/mqx/source/psp/cortex_m/psp_supp.o ./SDK/rtos/mqx/mqx/source/psp/cortex_m/psp_tiad.o ./SDK/rtos/mqx/mqx/source/psp/cortex_m/psp_tida.o ./SDK/rtos/mqx/mqx/source/psp/cortex_m/psp_tihr.o ./SDK/rtos/mqx/mqx/source/psp/cortex_m/psp_timn.o ./SDK/rtos/mqx/mqx/source/psp/cortex_m/psp_tims.o ./SDK/rtos/mqx/mqx/source/psp/cortex_m/psp_tinm.o ./SDK/rtos/mqx/mqx/source/psp/cortex_m/psp_tins.o ./SDK/rtos/mqx/mqx/source/psp/cortex_m/psp_tiol.o ./SDK/rtos/mqx/mqx/source/psp/cortex_m/psp_tipr.o ./SDK/rtos/mqx/mqx/source/psp/cortex_m/psp_tips.o ./SDK/rtos/mqx/mqx/source/psp/cortex_m/psp_tise.o ./SDK/rtos/mqx/mqx/source/psp/cortex_m/psp_tisu.o ./SDK/rtos/mqx/mqx/source/psp/cortex_m/psp_tius.o ./SDK/rtos/mqx/mqx/source/psp/cortex_m/psp_tkti.o ./SDK/rtos/mqx/mqx/source/psp/cortex_m/psp_usti.o ./SDK/rtos/mqx/mqx/source/psp/cortex_m/sc_irdyq.o ./SDK/rtos/mqx/mqx/source/psp/cortex_m/stack_bu.o ./SDK/rtos/mqx/mqx/source/psp/cortex_m/stack_de.o ./SDK/rtos/mqx/mqx/source/psp/cortex_m/stack_st.o  ./SDK/rtos/mqx/mqx/source/nio/src/errno.o ./SDK/rtos/mqx/mqx/source/nio/src/nio.o ./SDK/rtos/mqx/mqx/source/nio/src/nio_posix.o ./SDK/rtos/mqx/mqx/source/nio/src/nio_std_adpt.o  ./SDK/rtos/mqx/mqx/source/nio/fs/fs_supp.o  ./SDK/rtos/mqx/mqx/source/nio/drivers/nio_tty/src/nio_tty.o  ./SDK/rtos/mqx/mqx/source/nio/drivers/nio_serial/src/nio_serial.o  ./SDK/rtos/mqx/mqx/source/nio/drivers/nio_dummy/src/nio_dummy.o  ./SDK/rtos/mqx/mqx/source/kernel/event.o ./SDK/rtos/mqx/mqx/source/kernel/idletask.o ./SDK/rtos/mqx/mqx/source/kernel/inittask.o ./SDK/rtos/mqx/mqx/source/kernel/int.o ./SDK/rtos/mqx/mqx/source/kernel/klog.o ./SDK/rtos/mqx/mqx/source/kernel/log.o ./SDK/rtos/mqx/mqx/source/kernel/lwevent.o ./SDK/rtos/mqx/mqx/source/kernel/lwlog.o ./SDK/rtos/mqx/mqx/source/kernel/lwmem.o ./SDK/rtos/mqx/mqx/source/kernel/lwmsgq.o ./SDK/rtos/mqx/mqx/source/kernel/lwsem.o ./SDK/rtos/mqx/mqx/source/kernel/lwtimer.o ./SDK/rtos/mqx/mqx/source/kernel/mem.o ./SDK/rtos/mqx/mqx/source/kernel/mqx.o ./SDK/rtos/mqx/mqx/source/kernel/msg.o ./SDK/rtos/mqx/mqx/source/kernel/msgpool.o ./SDK/rtos/mqx/mqx/source/kernel/msgq.o ./SDK/rtos/mqx/mqx/source/kernel/mutex.o ./SDK/rtos/mqx/mqx/source/kernel/name.o ./SDK/rtos/mqx/mqx/source/kernel/partition.o ./SDK/rtos/mqx/mqx/source/kernel/queue.o ./SDK/rtos/mqx/mqx/source/kernel/sched.o ./SDK/rtos/mqx/mqx/source/kernel/sem.o ./SDK/rtos/mqx/mqx/source/kernel/task.o ./SDK/rtos/mqx/mqx/source/kernel/taskq.o ./SDK/rtos/mqx/mqx/source/kernel/time.o ./SDK/rtos/mqx/mqx/source/kernel/timer.o ./SDK/rtos/mqx/mqx/source/kernel/tlsf.o ./SDK/rtos/mqx/mqx/source/kernel/tlsf_adaptation.o ./SDK/rtos/mqx/mqx/source/kernel/watchdog.o  ./SDK/rtos/mqx/mqx/source/bsp/init_bsp.o  ./SDK/platform/utilities/src/fsl_debug_console.o ./SDK/platform/utilities/src/fsl_misc_utilities.o ./SDK/platform/utilities/src/print_scan.o  ./SDK/platform/system/src/interrupt/fsl_interrupt_manager.o  ./SDK/platform/system/src/hwtimer/fsl_hwtimer.o ./SDK/platform/system/src/hwtimer/fsl_hwtimer_systick.o  ./SDK/platform/system/src/clock/MK64F12/fsl_clock_MK64F12.o  ./SDK/platform/system/src/clock/fsl_clock_manager.o ./SDK/platform/system/src/clock/fsl_clock_manager_common.o  ./SDK/platform/osa/src/fsl_os_abstraction_mqx.o  ./SDK/platform/hal/src/uart/fsl_uart_hal.o  ./SDK/platform/hal/src/sim/MK64F12/fsl_sim_hal_MK64F12.o  ./SDK/platform/hal/src/rtc/fsl_rtc_hal.o  ./SDK/platform/hal/src/port/fsl_port_hal.o  ./SDK/platform/hal/src/osc/fsl_osc_hal.o  ./SDK/platform/hal/src/mpu/fsl_mpu_hal.o  ./SDK/platform/hal/src/mcg/fsl_mcg_hal.o ./SDK/platform/hal/src/mcg/fsl_mcg_hal_modes.o  ./SDK/platform/hal/src/gpio/fsl_gpio_hal.o  ./SDK/platform/drivers/src/uart/fsl_uart_common.o ./SDK/platform/drivers/src/uart/fsl_uart_driver.o  ./SDK/platform/drivers/src/rtc/fsl_rtc_common.o  ./SDK/platform/drivers/src/mpu/fsl_mpu_common.o ./SDK/platform/drivers/src/mpu/fsl_mpu_driver.o  ./SDK/platform/drivers/src/gpio/fsl_gpio_common.o ./SDK/platform/drivers/src/gpio/fsl_gpio_driver.o  ./SDK/platform/devices/MK64F12/startup/gcc/startup_MK64F12.o  ./SDK/platform/devices/MK64F12/startup/system_MK64F12.o  ./SDK/platform/devices/startup.o  ./Generated_Code/Cpu.o ./Generated_Code/DD_Generator.o ./Generated_Code/DD_Idle.o ./Generated_Code/DD_Monitor.o ./Generated_Code/DD_Scheduler.o ./Generated_Code/DD_User.o ./Generated_Code/MainTask.o ./Generated_Code/clockMan1.o ./Generated_Code/fsl_hwtimer1.o ./Generated_Code/fsl_mpu1.o ./Generated_Code/gpio1.o ./Generated_Code/hardware_init.o ./Generated_Code/mqx_ksdk.o ./Generated_Code/osa1.o ./Generated_Code/pin_init.o ./Generated_Code/uart1.o   
Finished building target: dd_scheduler.elf
 
Invoking: Cross ARM GNU Print Size
arm-none-eabi-size --format=berkeley "dd_scheduler.elf"
   text	   data	    bss	    dec	    hex	filename
  71824	   2288	   3492	  77604	  12f24	dd_scheduler.elf
Finished building: dd_scheduler.siz
 
